Archive member included because of file (symbol)

d:/nti/tools/eclipse/sdk_win_64/sdk_win_64/winavr/bin/../lib/gcc/avr/4.3.3/avr5\libgcc.a(_exit.o)
                              d:/nti/tools/eclipse/sdk_win_64/sdk_win_64/winavr/bin/../lib/gcc/avr/4.3.3/../../../../avr/lib/avr5/crtm32.o (exit)
d:/nti/tools/eclipse/sdk_win_64/sdk_win_64/winavr/bin/../lib/gcc/avr/4.3.3/avr5\libgcc.a(_copy_data.o)
                              ./Free_RTOS/tasks.o (__do_copy_data)
d:/nti/tools/eclipse/sdk_win_64/sdk_win_64/winavr/bin/../lib/gcc/avr/4.3.3/avr5\libgcc.a(_clear_bss.o)
                              ./RTOS_STACK/RTOS_Program.o (__do_clear_bss)
d:/nti/tools/eclipse/sdk_win_64/sdk_win_64/winavr/bin/../lib/gcc/avr/4.3.3/avr5\libgcc.a(_fixunssfsi.o)
                              ./HAL/LCD/LCD_program.o (__fixunssfsi)
d:/nti/tools/eclipse/sdk_win_64/sdk_win_64/winavr/bin/../lib/gcc/avr/4.3.3/avr5\libgcc.a(_addsub_sf.o)
                              d:/nti/tools/eclipse/sdk_win_64/sdk_win_64/winavr/bin/../lib/gcc/avr/4.3.3/avr5\libgcc.a(_fixunssfsi.o) (__subsf3)
d:/nti/tools/eclipse/sdk_win_64/sdk_win_64/winavr/bin/../lib/gcc/avr/4.3.3/avr5\libgcc.a(_mul_sf.o)
                              ./HAL/LCD/LCD_program.o (__mulsf3)
d:/nti/tools/eclipse/sdk_win_64/sdk_win_64/winavr/bin/../lib/gcc/avr/4.3.3/avr5\libgcc.a(_gt_sf.o)
                              ./HAL/LCD/LCD_program.o (__gtsf2)
d:/nti/tools/eclipse/sdk_win_64/sdk_win_64/winavr/bin/../lib/gcc/avr/4.3.3/avr5\libgcc.a(_ge_sf.o)
                              d:/nti/tools/eclipse/sdk_win_64/sdk_win_64/winavr/bin/../lib/gcc/avr/4.3.3/avr5\libgcc.a(_fixunssfsi.o) (__gesf2)
d:/nti/tools/eclipse/sdk_win_64/sdk_win_64/winavr/bin/../lib/gcc/avr/4.3.3/avr5\libgcc.a(_lt_sf.o)
                              ./HAL/LCD/LCD_program.o (__ltsf2)
d:/nti/tools/eclipse/sdk_win_64/sdk_win_64/winavr/bin/../lib/gcc/avr/4.3.3/avr5\libgcc.a(_sf_to_si.o)
                              d:/nti/tools/eclipse/sdk_win_64/sdk_win_64/winavr/bin/../lib/gcc/avr/4.3.3/avr5\libgcc.a(_fixunssfsi.o) (__fixsfsi)
d:/nti/tools/eclipse/sdk_win_64/sdk_win_64/winavr/bin/../lib/gcc/avr/4.3.3/avr5\libgcc.a(_thenan_sf.o)
                              d:/nti/tools/eclipse/sdk_win_64/sdk_win_64/winavr/bin/../lib/gcc/avr/4.3.3/avr5\libgcc.a(_addsub_sf.o) (__thenan_sf)
d:/nti/tools/eclipse/sdk_win_64/sdk_win_64/winavr/bin/../lib/gcc/avr/4.3.3/avr5\libgcc.a(_prologue.o)
                              d:/nti/tools/eclipse/sdk_win_64/sdk_win_64/winavr/bin/../lib/gcc/avr/4.3.3/avr5\libgcc.a(_addsub_sf.o) (__prologue_saves__)
d:/nti/tools/eclipse/sdk_win_64/sdk_win_64/winavr/bin/../lib/gcc/avr/4.3.3/avr5\libgcc.a(_epilogue.o)
                              d:/nti/tools/eclipse/sdk_win_64/sdk_win_64/winavr/bin/../lib/gcc/avr/4.3.3/avr5\libgcc.a(_addsub_sf.o) (__epilogue_restores__)
d:/nti/tools/eclipse/sdk_win_64/sdk_win_64/winavr/bin/../lib/gcc/avr/4.3.3/avr5\libgcc.a(_pack_sf.o)
                              d:/nti/tools/eclipse/sdk_win_64/sdk_win_64/winavr/bin/../lib/gcc/avr/4.3.3/avr5\libgcc.a(_addsub_sf.o) (__pack_f)
d:/nti/tools/eclipse/sdk_win_64/sdk_win_64/winavr/bin/../lib/gcc/avr/4.3.3/avr5\libgcc.a(_unpack_sf.o)
                              d:/nti/tools/eclipse/sdk_win_64/sdk_win_64/winavr/bin/../lib/gcc/avr/4.3.3/avr5\libgcc.a(_addsub_sf.o) (__unpack_f)
d:/nti/tools/eclipse/sdk_win_64/sdk_win_64/winavr/bin/../lib/gcc/avr/4.3.3/avr5\libgcc.a(_fpcmp_parts_sf.o)
                              d:/nti/tools/eclipse/sdk_win_64/sdk_win_64/winavr/bin/../lib/gcc/avr/4.3.3/avr5\libgcc.a(_gt_sf.o) (__fpcmp_parts_f)
d:/nti/tools/eclipse/sdk_win_64/sdk_win_64/winavr/bin/../lib/gcc/avr/4.3.3/../../../../avr/lib/avr5\libc.a(memcpy.o)
                              ./Free_RTOS/queue.o (memcpy)
d:/nti/tools/eclipse/sdk_win_64/sdk_win_64/winavr/bin/../lib/gcc/avr/4.3.3/../../../../avr/lib/avr5\libc.a(memset.o)
                              ./Free_RTOS/tasks.o (memset)
d:/nti/tools/eclipse/sdk_win_64/sdk_win_64/winavr/bin/../lib/gcc/avr/4.3.3/../../../../avr/lib/avr5\libc.a(strncpy.o)
                              ./Free_RTOS/tasks.o (strncpy)
d:/nti/tools/eclipse/sdk_win_64/sdk_win_64/winavr/bin/../lib/gcc/avr/4.3.3/../../../../avr/lib/avr5\libc.a(itoa.o)
                              ./HAL/LCD/LCD_program.o (itoa)
d:/nti/tools/eclipse/sdk_win_64/sdk_win_64/winavr/bin/../lib/gcc/avr/4.3.3/../../../../avr/lib/avr5\libc.a(strrev.o)
                              d:/nti/tools/eclipse/sdk_win_64/sdk_win_64/winavr/bin/../lib/gcc/avr/4.3.3/../../../../avr/lib/avr5\libc.a(itoa.o) (strrev)
d:/nti/tools/eclipse/sdk_win_64/sdk_win_64/winavr/bin/../lib/gcc/avr/4.3.3/avr5\libgcc.a(_udivmodhi4.o)
                              d:/nti/tools/eclipse/sdk_win_64/sdk_win_64/winavr/bin/../lib/gcc/avr/4.3.3/../../../../avr/lib/avr5\libc.a(itoa.o) (__udivmodhi4)

Allocating common symbols
Common symbol       size              file

TIMER0_CallBack     0x2               ./MCAL/TIMER/TIMER_Program.o
LCDSem              0x2               ./main.o

Memory Configuration

Name             Origin             Length             Attributes
text             0x00000000         0x00020000         xr
data             0x00800060         0x0000ffa0         rw !x
eeprom           0x00810000         0x00010000         rw !x
fuse             0x00820000         0x00000400         rw !x
lock             0x00830000         0x00000400         rw !x
signature        0x00840000         0x00000400         rw !x
*default*        0x00000000         0xffffffff

Linker script and memory map

LOAD d:/nti/tools/eclipse/sdk_win_64/sdk_win_64/winavr/bin/../lib/gcc/avr/4.3.3/../../../../avr/lib/avr5/crtm32.o
LOAD ./RTOS_STACK/RTOS_Program.o
LOAD ./MCAL/TIMER/TIMER_Program.o
LOAD ./MCAL/MGIE/MGIE_Program.o
LOAD ./MCAL/MDIO/MDIO_Program.o
LOAD ./MCAL/DIO/DIO_Program.o
LOAD ./HAL/SS/SSD_Programe.o
LOAD ./HAL/LCD/LCD_program.o
LOAD ./HAL/HLED/HLED_Program.o
LOAD ./Free_RTOS/croutine.o
LOAD ./Free_RTOS/heap_1.o
LOAD ./Free_RTOS/list.o
LOAD ./Free_RTOS/port.o
LOAD ./Free_RTOS/queue.o
LOAD ./Free_RTOS/tasks.o
LOAD ./Free_RTOS/timers.o
LOAD ./main.o
LOAD d:/nti/tools/eclipse/sdk_win_64/sdk_win_64/winavr/bin/../lib/gcc/avr/4.3.3/avr5\libgcc.a
LOAD d:/nti/tools/eclipse/sdk_win_64/sdk_win_64/winavr/bin/../lib/gcc/avr/4.3.3/../../../../avr/lib/avr5\libc.a
LOAD d:/nti/tools/eclipse/sdk_win_64/sdk_win_64/winavr/bin/../lib/gcc/avr/4.3.3/avr5\libgcc.a

.hash
 *(.hash)

.dynsym
 *(.dynsym)

.dynstr
 *(.dynstr)

.gnu.version
 *(.gnu.version)

.gnu.version_d
 *(.gnu.version_d)

.gnu.version_r
 *(.gnu.version_r)

.rel.init
 *(.rel.init)

.rela.init
 *(.rela.init)

.rel.text
 *(.rel.text)
 *(.rel.text.*)
 *(.rel.gnu.linkonce.t*)

.rela.text
 *(.rela.text)
 *(.rela.text.*)
 *(.rela.gnu.linkonce.t*)

.rel.fini
 *(.rel.fini)

.rela.fini
 *(.rela.fini)

.rel.rodata
 *(.rel.rodata)
 *(.rel.rodata.*)
 *(.rel.gnu.linkonce.r*)

.rela.rodata
 *(.rela.rodata)
 *(.rela.rodata.*)
 *(.rela.gnu.linkonce.r*)

.rel.data
 *(.rel.data)
 *(.rel.data.*)
 *(.rel.gnu.linkonce.d*)

.rela.data
 *(.rela.data)
 *(.rela.data.*)
 *(.rela.gnu.linkonce.d*)

.rel.ctors
 *(.rel.ctors)

.rela.ctors
 *(.rela.ctors)

.rel.dtors
 *(.rel.dtors)

.rela.dtors
 *(.rela.dtors)

.rel.got
 *(.rel.got)

.rela.got
 *(.rela.got)

.rel.bss
 *(.rel.bss)

.rela.bss
 *(.rela.bss)

.rel.plt
 *(.rel.plt)

.rela.plt
 *(.rela.plt)

.text           0x00000000     0x5602
 *(.vectors)
 .vectors       0x00000000       0x54 d:/nti/tools/eclipse/sdk_win_64/sdk_win_64/winavr/bin/../lib/gcc/avr/4.3.3/../../../../avr/lib/avr5/crtm32.o
                0x00000000                __vectors
                0x00000000                __vector_default
 *(.vectors)
 *(.progmem.gcc*)
 *(.progmem*)
                0x00000054                . = ALIGN (0x2)
                0x00000054                __trampolines_start = .
 *(.trampolines)
 .trampolines   0x00000054        0x0 linker stubs
 *(.trampolines*)
                0x00000054                __trampolines_end = .
 *(.jumptables)
 *(.jumptables*)
 *(.lowtext)
 *(.lowtext*)
                0x00000054                __ctors_start = .
 *(.ctors)
                0x00000054                __ctors_end = .
                0x00000054                __dtors_start = .
 *(.dtors)
                0x00000054                __dtors_end = .
 SORT(*)(.ctors)
 SORT(*)(.dtors)
 *(.init0)
 .init0         0x00000054        0x0 d:/nti/tools/eclipse/sdk_win_64/sdk_win_64/winavr/bin/../lib/gcc/avr/4.3.3/../../../../avr/lib/avr5/crtm32.o
                0x00000054                __init
 *(.init0)
 *(.init1)
 *(.init1)
 *(.init2)
 .init2         0x00000054        0xc d:/nti/tools/eclipse/sdk_win_64/sdk_win_64/winavr/bin/../lib/gcc/avr/4.3.3/../../../../avr/lib/avr5/crtm32.o
 *(.init2)
 *(.init3)
 *(.init3)
 *(.init4)
 .init4         0x00000060       0x16 d:/nti/tools/eclipse/sdk_win_64/sdk_win_64/winavr/bin/../lib/gcc/avr/4.3.3/avr5\libgcc.a(_copy_data.o)
                0x00000060                __do_copy_data
 .init4         0x00000076       0x10 d:/nti/tools/eclipse/sdk_win_64/sdk_win_64/winavr/bin/../lib/gcc/avr/4.3.3/avr5\libgcc.a(_clear_bss.o)
                0x00000076                __do_clear_bss
 *(.init4)
 *(.init5)
 *(.init5)
 *(.init6)
 *(.init6)
 *(.init7)
 *(.init7)
 *(.init8)
 *(.init8)
 *(.init9)
 .init9         0x00000086        0x8 d:/nti/tools/eclipse/sdk_win_64/sdk_win_64/winavr/bin/../lib/gcc/avr/4.3.3/../../../../avr/lib/avr5/crtm32.o
 *(.init9)
 *(.text)
 .text          0x0000008e        0x4 d:/nti/tools/eclipse/sdk_win_64/sdk_win_64/winavr/bin/../lib/gcc/avr/4.3.3/../../../../avr/lib/avr5/crtm32.o
                0x0000008e                __vector_1
                0x0000008e                __vector_12
                0x0000008e                __bad_interrupt
                0x0000008e                __vector_6
                0x0000008e                __vector_3
                0x0000008e                __vector_13
                0x0000008e                __vector_17
                0x0000008e                __vector_19
                0x0000008e                __vector_5
                0x0000008e                __vector_4
                0x0000008e                __vector_9
                0x0000008e                __vector_2
                0x0000008e                __vector_15
                0x0000008e                __vector_8
                0x0000008e                __vector_14
                0x0000008e                __vector_16
                0x0000008e                __vector_18
                0x0000008e                __vector_20
 .text          0x00000092        0x0 ./RTOS_STACK/RTOS_Program.o
 .text          0x00000092        0x0 ./MCAL/TIMER/TIMER_Program.o
 .text          0x00000092        0x0 ./MCAL/MGIE/MGIE_Program.o
 .text          0x00000092        0x0 ./MCAL/MDIO/MDIO_Program.o
 .text          0x00000092        0x0 ./MCAL/DIO/DIO_Program.o
 .text          0x00000092        0x0 ./HAL/SS/SSD_Programe.o
 .text          0x00000092        0x0 ./HAL/LCD/LCD_program.o
 .text          0x00000092        0x0 ./HAL/HLED/HLED_Program.o
 .text          0x00000092        0x0 ./Free_RTOS/croutine.o
 .text          0x00000092        0x0 ./Free_RTOS/heap_1.o
 .text          0x00000092        0x0 ./Free_RTOS/list.o
 .text          0x00000092        0x0 ./Free_RTOS/port.o
 .text          0x00000092        0x0 ./Free_RTOS/queue.o
 .text          0x00000092        0x0 ./Free_RTOS/tasks.o
 .text          0x00000092        0x0 ./Free_RTOS/timers.o
 .text          0x00000092        0x0 ./main.o
 .text          0x00000092        0x0 d:/nti/tools/eclipse/sdk_win_64/sdk_win_64/winavr/bin/../lib/gcc/avr/4.3.3/avr5\libgcc.a(_exit.o)
 .text          0x00000092        0x0 d:/nti/tools/eclipse/sdk_win_64/sdk_win_64/winavr/bin/../lib/gcc/avr/4.3.3/avr5\libgcc.a(_copy_data.o)
 .text          0x00000092        0x0 d:/nti/tools/eclipse/sdk_win_64/sdk_win_64/winavr/bin/../lib/gcc/avr/4.3.3/avr5\libgcc.a(_clear_bss.o)
 .text          0x00000092       0x58 d:/nti/tools/eclipse/sdk_win_64/sdk_win_64/winavr/bin/../lib/gcc/avr/4.3.3/avr5\libgcc.a(_fixunssfsi.o)
                0x00000092                __fixunssfsi
 .text          0x000000ea      0x354 d:/nti/tools/eclipse/sdk_win_64/sdk_win_64/winavr/bin/../lib/gcc/avr/4.3.3/avr5\libgcc.a(_addsub_sf.o)
                0x00000382                __subsf3
                0x000003e4                __addsf3
 .text          0x0000043e      0x1f4 d:/nti/tools/eclipse/sdk_win_64/sdk_win_64/winavr/bin/../lib/gcc/avr/4.3.3/avr5\libgcc.a(_mul_sf.o)
                0x0000043e                __mulsf3
 .text          0x00000632       0x60 d:/nti/tools/eclipse/sdk_win_64/sdk_win_64/winavr/bin/../lib/gcc/avr/4.3.3/avr5\libgcc.a(_gt_sf.o)
                0x00000632                __gtsf2
 .text          0x00000692       0x60 d:/nti/tools/eclipse/sdk_win_64/sdk_win_64/winavr/bin/../lib/gcc/avr/4.3.3/avr5\libgcc.a(_ge_sf.o)
                0x00000692                __gesf2
 .text          0x000006f2       0x60 d:/nti/tools/eclipse/sdk_win_64/sdk_win_64/winavr/bin/../lib/gcc/avr/4.3.3/avr5\libgcc.a(_lt_sf.o)
                0x000006f2                __ltsf2
 .text          0x00000752       0xa8 d:/nti/tools/eclipse/sdk_win_64/sdk_win_64/winavr/bin/../lib/gcc/avr/4.3.3/avr5\libgcc.a(_sf_to_si.o)
                0x00000752                __fixsfsi
 .text          0x000007fa        0x0 d:/nti/tools/eclipse/sdk_win_64/sdk_win_64/winavr/bin/../lib/gcc/avr/4.3.3/avr5\libgcc.a(_thenan_sf.o)
 .text          0x000007fa        0x0 d:/nti/tools/eclipse/sdk_win_64/sdk_win_64/winavr/bin/../lib/gcc/avr/4.3.3/avr5\libgcc.a(_prologue.o)
 .text          0x000007fa        0x0 d:/nti/tools/eclipse/sdk_win_64/sdk_win_64/winavr/bin/../lib/gcc/avr/4.3.3/avr5\libgcc.a(_epilogue.o)
 .text          0x000007fa      0x1aa d:/nti/tools/eclipse/sdk_win_64/sdk_win_64/winavr/bin/../lib/gcc/avr/4.3.3/avr5\libgcc.a(_pack_sf.o)
                0x000007fa                __pack_f
 .text          0x000009a4       0xf0 d:/nti/tools/eclipse/sdk_win_64/sdk_win_64/winavr/bin/../lib/gcc/avr/4.3.3/avr5\libgcc.a(_unpack_sf.o)
                0x000009a4                __unpack_f
 .text          0x00000a94       0xb2 d:/nti/tools/eclipse/sdk_win_64/sdk_win_64/winavr/bin/../lib/gcc/avr/4.3.3/avr5\libgcc.a(_fpcmp_parts_sf.o)
                0x00000a94                __fpcmp_parts_f
 .text          0x00000b46        0x0 d:/nti/tools/eclipse/sdk_win_64/sdk_win_64/winavr/bin/../lib/gcc/avr/4.3.3/../../../../avr/lib/avr5\libc.a(memcpy.o)
 .text          0x00000b46        0x0 d:/nti/tools/eclipse/sdk_win_64/sdk_win_64/winavr/bin/../lib/gcc/avr/4.3.3/../../../../avr/lib/avr5\libc.a(memset.o)
 .text          0x00000b46        0x0 d:/nti/tools/eclipse/sdk_win_64/sdk_win_64/winavr/bin/../lib/gcc/avr/4.3.3/../../../../avr/lib/avr5\libc.a(strncpy.o)
 .text          0x00000b46        0x0 d:/nti/tools/eclipse/sdk_win_64/sdk_win_64/winavr/bin/../lib/gcc/avr/4.3.3/../../../../avr/lib/avr5\libc.a(itoa.o)
 .text          0x00000b46        0x0 d:/nti/tools/eclipse/sdk_win_64/sdk_win_64/winavr/bin/../lib/gcc/avr/4.3.3/../../../../avr/lib/avr5\libc.a(strrev.o)
 .text          0x00000b46        0x0 d:/nti/tools/eclipse/sdk_win_64/sdk_win_64/winavr/bin/../lib/gcc/avr/4.3.3/avr5\libgcc.a(_udivmodhi4.o)
                0x00000b46                . = ALIGN (0x2)
 *(.text.*)
 .text.RTOS_VoInit
                0x00000b46       0x40 ./RTOS_STACK/RTOS_Program.o
                0x00000b46                RTOS_VoInit
 .text.RTOS_VoCreateTask
                0x00000b86       0xde ./RTOS_STACK/RTOS_Program.o
                0x00000b86                RTOS_VoCreateTask
 .text.VidScheduler
                0x00000c64      0x140 ./RTOS_STACK/RTOS_Program.o
 .text.RTOS_VoTaskResume
                0x00000da4       0x30 ./RTOS_STACK/RTOS_Program.o
                0x00000da4                RTOS_VoTaskResume
 .text.RTOS_VoTaskSuspend
                0x00000dd4       0x2e ./RTOS_STACK/RTOS_Program.o
                0x00000dd4                RTOS_VoTaskSuspend
 .text.RTOS_VoTaskDelete
                0x00000e02       0x30 ./RTOS_STACK/RTOS_Program.o
                0x00000e02                RTOS_VoTaskDelete
 .text.TIMER0_VidInit
                0x00000e32       0x70 ./MCAL/TIMER/TIMER_Program.o
                0x00000e32                TIMER0_VidInit
 .text.TIMER0_VidSetPreload
                0x00000ea2       0x1c ./MCAL/TIMER/TIMER_Program.o
                0x00000ea2                TIMER0_VidSetPreload
 .text.TIMER0_VidSetCTCValue
                0x00000ebe       0x1c ./MCAL/TIMER/TIMER_Program.o
                0x00000ebe                TIMER0_VidSetCTCValue
 .text.TIMER0_VidOVF_SetCallBack
                0x00000eda       0x24 ./MCAL/TIMER/TIMER_Program.o
                0x00000eda                TIMER0_VidOVF_SetCallBack
 .text.TIMER0_VidCTC_SetCallBack
                0x00000efe       0x24 ./MCAL/TIMER/TIMER_Program.o
                0x00000efe                TIMER0_VidCTC_SetCallBack
 .text.__vector_11
                0x00000f22       0x5a ./MCAL/TIMER/TIMER_Program.o
                0x00000f22                __vector_11
 .text.__vector_10
                0x00000f7c       0x5a ./MCAL/TIMER/TIMER_Program.o
                0x00000f7c                __vector_10
 .text.MGIE_VidEnable
                0x00000fd6       0x1c ./MCAL/MGIE/MGIE_Program.o
                0x00000fd6                MGIE_VidEnable
 .text.MGIE_VidDisable
                0x00000ff2       0x1c ./MCAL/MGIE/MGIE_Program.o
                0x00000ff2                MGIE_VidDisable
 .text.MDIO_Error_State_SetPinDirection
                0x0000100e      0x206 ./MCAL/MDIO/MDIO_Program.o
                0x0000100e                MDIO_Error_State_SetPinDirection
 .text.MDIO_Error_State_SetPortDirection
                0x00001214       0xa0 ./MCAL/MDIO/MDIO_Program.o
                0x00001214                MDIO_Error_State_SetPortDirection
 .text.MDIO_Error_State_SetPinValue
                0x000012b4      0x206 ./MCAL/MDIO/MDIO_Program.o
                0x000012b4                MDIO_Error_State_SetPinValue
 .text.MDIO_Error_State_SetPortValue
                0x000014ba       0x90 ./MCAL/MDIO/MDIO_Program.o
                0x000014ba                MDIO_Error_State_SetPortValue
 .text.MDIO_Error_State_GetPinValue
                0x0000154a      0x130 ./MCAL/MDIO/MDIO_Program.o
                0x0000154a                MDIO_Error_State_GetPinValue
 .text.MDIO_Error_State_SetNippleValue
                0x0000167a      0x164 ./MCAL/MDIO/MDIO_Program.o
                0x0000167a                MDIO_Error_State_SetNippleValue
 .text.DIO_voidSetPortDirection
                0x000017de       0x82 ./MCAL/DIO/DIO_Program.o
                0x000017de                DIO_voidSetPortDirection
 .text.DIO_voidSetPortValue
                0x00001860       0x82 ./MCAL/DIO/DIO_Program.o
                0x00001860                DIO_voidSetPortValue
 .text.DIO_voidSetPinDirection
                0x000018e2      0x200 ./MCAL/DIO/DIO_Program.o
                0x000018e2                DIO_voidSetPinDirection
 .text.DIO_voidSetPinValue
                0x00001ae2      0x200 ./MCAL/DIO/DIO_Program.o
                0x00001ae2                DIO_voidSetPinValue
 .text.DIO_voidToggelPin
                0x00001ce2       0xfa ./MCAL/DIO/DIO_Program.o
                0x00001ce2                DIO_voidToggelPin
 .text.DIO_voidGetBitValue
                0x00001ddc       0xf2 ./MCAL/DIO/DIO_Program.o
                0x00001ddc                DIO_voidGetBitValue
 .text.SSD_u8FromU8toSevSeg
                0x00001ece       0xf2 ./HAL/SS/SSD_Programe.o
 .text.SSD_voidInit
                0x00001fc0       0x1e ./HAL/SS/SSD_Programe.o
                0x00001fc0                SSD_voidInit
 .text.SSD_voidPrintNum_1
                0x00001fde       0x24 ./HAL/SS/SSD_Programe.o
                0x00001fde                SSD_voidPrintNum_1
 .text.writebittosend
                0x00002002      0x48c ./HAL/LCD/LCD_program.o
                0x00002002                writebittosend
 .text.LCD_INIT
                0x0000248e      0x40a ./HAL/LCD/LCD_program.o
                0x0000248e                LCD_INIT
 .text.LCD_WRITE_COMMAND
                0x00002898       0x24 ./HAL/LCD/LCD_program.o
                0x00002898                LCD_WRITE_COMMAND
 .text.LCD_WRITE_DATA
                0x000028bc       0x24 ./HAL/LCD/LCD_program.o
                0x000028bc                LCD_WRITE_DATA
 .text.LCD_WRITE_STRING
                0x000028e0       0x6c ./HAL/LCD/LCD_program.o
                0x000028e0                LCD_WRITE_STRING
 .text.LCD_voidClear
                0x0000294c       0x14 ./HAL/LCD/LCD_program.o
                0x0000294c                LCD_voidClear
 .text.LCD_voidGoToXY
                0x00002960       0x34 ./HAL/LCD/LCD_program.o
                0x00002960                LCD_voidGoToXY
 .text.LCD_voidWriteInt
                0x00002994       0x46 ./HAL/LCD/LCD_program.o
                0x00002994                LCD_voidWriteInt
 .text.HLED_VidInit
                0x000029da       0x2c ./HAL/HLED/HLED_Program.o
                0x000029da                HLED_VidInit
 .text.HLED_VidLed_On
                0x00002a06       0x2c ./HAL/HLED/HLED_Program.o
                0x00002a06                HLED_VidLed_On
 .text.HLED_VidLed_Off
                0x00002a32       0x2c ./HAL/HLED/HLED_Program.o
                0x00002a32                HLED_VidLed_Off
 .text.HLED_VidLed_Toggle
                0x00002a5e       0x5a ./HAL/HLED/HLED_Program.o
                0x00002a5e                HLED_VidLed_Toggle
 .text.xCoRoutineCreate
                0x00002ab8      0x128 ./Free_RTOS/croutine.o
                0x00002ab8                xCoRoutineCreate
 .text.vCoRoutineAddToDelayedList
                0x00002be0       0xc2 ./Free_RTOS/croutine.o
                0x00002be0                vCoRoutineAddToDelayedList
 .text.prvCheckPendingReadyList
                0x00002ca2       0x94 ./Free_RTOS/croutine.o
 .text.prvCheckDelayedList
                0x00002d36      0x15c ./Free_RTOS/croutine.o
 .text.vCoRoutineSchedule
                0x00002e92       0xf4 ./Free_RTOS/croutine.o
                0x00002e92                vCoRoutineSchedule
 .text.prvInitialiseCoRoutineLists
                0x00002f86       0x72 ./Free_RTOS/croutine.o
 .text.xCoRoutineRemoveFromEventList
                0x00002ff8       0x70 ./Free_RTOS/croutine.o
                0x00002ff8                xCoRoutineRemoveFromEventList
 .text.pvPortMalloc
                0x00003068       0x8c ./Free_RTOS/heap_1.o
                0x00003068                pvPortMalloc
 .text.vPortFree
                0x000030f4       0x18 ./Free_RTOS/heap_1.o
                0x000030f4                vPortFree
 .text.vPortInitialiseBlocks
                0x0000310c       0x16 ./Free_RTOS/heap_1.o
                0x0000310c                vPortInitialiseBlocks
 .text.xPortGetFreeHeapSize
                0x00003122       0x1e ./Free_RTOS/heap_1.o
                0x00003122                xPortGetFreeHeapSize
 .text.vListInitialise
                0x00003140       0x54 ./Free_RTOS/list.o
                0x00003140                vListInitialise
 .text.vListInitialiseItem
                0x00003194       0x20 ./Free_RTOS/list.o
                0x00003194                vListInitialiseItem
 .text.vListInsertEnd
                0x000031b4       0x98 ./Free_RTOS/list.o
                0x000031b4                vListInsertEnd
 .text.vListInsert
                0x0000324c       0xd8 ./Free_RTOS/list.o
                0x0000324c                vListInsert
 .text.vListRemove
                0x00003324       0x92 ./Free_RTOS/list.o
                0x00003324                vListRemove
 .text.pxPortInitialiseStack
                0x000033b6      0x306 ./Free_RTOS/port.o
                0x000033b6                pxPortInitialiseStack
 .text.xPortStartScheduler
                0x000036bc       0x6a ./Free_RTOS/port.o
                0x000036bc                xPortStartScheduler
 .text.vPortEndScheduler
                0x00003726        0xe ./Free_RTOS/port.o
                0x00003726                vPortEndScheduler
 .text.vPortYield
                0x00003734       0xb2 ./Free_RTOS/port.o
                0x00003734                vPortYield
 .text.vPortYieldFromTick
                0x000037e6       0xb6 ./Free_RTOS/port.o
                0x000037e6                vPortYieldFromTick
 .text.prvSetupTimerInterrupt
                0x0000389c       0xb8 ./Free_RTOS/port.o
 .text.__vector_7
                0x00003954        0x6 ./Free_RTOS/port.o
                0x00003954                __vector_7
 .text.xQueueCreate
                0x0000395a      0x152 ./Free_RTOS/queue.o
                0x0000395a                xQueueCreate
 .text.xQueueCreateCountingSemaphore
                0x00003aac       0x3e ./Free_RTOS/queue.o
                0x00003aac                xQueueCreateCountingSemaphore
 .text.xQueueGenericSend
                0x00003aea      0x13c ./Free_RTOS/queue.o
                0x00003aea                xQueueGenericSend
 .text.xQueueGenericSendFromISR
                0x00003c26       0x9a ./Free_RTOS/queue.o
                0x00003c26                xQueueGenericSendFromISR
 .text.xQueueGenericReceive
                0x00003cc0      0x180 ./Free_RTOS/queue.o
                0x00003cc0                xQueueGenericReceive
 .text.xQueueReceiveFromISR
                0x00003e40       0x9e ./Free_RTOS/queue.o
                0x00003e40                xQueueReceiveFromISR
 .text.uxQueueMessagesWaiting
                0x00003ede       0x30 ./Free_RTOS/queue.o
                0x00003ede                uxQueueMessagesWaiting
 .text.uxQueueMessagesWaitingFromISR
                0x00003f0e       0x26 ./Free_RTOS/queue.o
                0x00003f0e                uxQueueMessagesWaitingFromISR
 .text.vQueueDelete
                0x00003f34       0x2c ./Free_RTOS/queue.o
                0x00003f34                vQueueDelete
 .text.prvCopyDataToQueue
                0x00003f60      0x12a ./Free_RTOS/queue.o
 .text.prvCopyDataFromQueue
                0x0000408a       0x90 ./Free_RTOS/queue.o
 .text.prvUnlockQueue
                0x0000411a       0xa8 ./Free_RTOS/queue.o
 .text.prvIsQueueEmpty
                0x000041c2       0x38 ./Free_RTOS/queue.o
 .text.xQueueIsQueueEmptyFromISR
                0x000041fa       0x2e ./Free_RTOS/queue.o
                0x000041fa                xQueueIsQueueEmptyFromISR
 .text.prvIsQueueFull
                0x00004228       0x3e ./Free_RTOS/queue.o
 .text.xQueueIsQueueFullFromISR
                0x00004266       0x34 ./Free_RTOS/queue.o
                0x00004266                xQueueIsQueueFullFromISR
 .text.xTaskGenericCreate
                0x0000429a      0x1da ./Free_RTOS/tasks.o
                0x0000429a                xTaskGenericCreate
 .text.vTaskDelete
                0x00004474       0xc6 ./Free_RTOS/tasks.o
                0x00004474                vTaskDelete
 .text.vTaskDelayUntil
                0x0000453a       0xe8 ./Free_RTOS/tasks.o
                0x0000453a                vTaskDelayUntil
 .text.vTaskDelay
                0x00004622       0x6a ./Free_RTOS/tasks.o
                0x00004622                vTaskDelay
 .text.vTaskSuspend
                0x0000468c       0xce ./Free_RTOS/tasks.o
                0x0000468c                vTaskSuspend
 .text.xTaskIsTaskSuspended
                0x0000475a       0x5e ./Free_RTOS/tasks.o
                0x0000475a                xTaskIsTaskSuspended
 .text.vTaskResume
                0x000047b8       0xc8 ./Free_RTOS/tasks.o
                0x000047b8                vTaskResume
 .text.xTaskResumeFromISR
                0x00004880       0xca ./Free_RTOS/tasks.o
                0x00004880                xTaskResumeFromISR
 .text.vTaskStartScheduler
                0x0000494a       0x6e ./Free_RTOS/tasks.o
                0x0000494a                vTaskStartScheduler
 .text.vTaskEndScheduler
                0x000049b8       0x18 ./Free_RTOS/tasks.o
                0x000049b8                vTaskEndScheduler
 .text.vTaskSuspendAll
                0x000049d0       0x18 ./Free_RTOS/tasks.o
                0x000049d0                vTaskSuspendAll
 .text.xTaskResumeAll
                0x000049e8      0x114 ./Free_RTOS/tasks.o
                0x000049e8                xTaskResumeAll
 .text.xTaskGetTickCount
                0x00004afc       0x2e ./Free_RTOS/tasks.o
                0x00004afc                xTaskGetTickCount
 .text.xTaskGetTickCountFromISR
                0x00004b2a       0x2a ./Free_RTOS/tasks.o
                0x00004b2a                xTaskGetTickCountFromISR
 .text.uxTaskGetNumberOfTasks
                0x00004b54       0x12 ./Free_RTOS/tasks.o
                0x00004b54                uxTaskGetNumberOfTasks
 .text.vTaskIncrementTick
                0x00004b66      0x1aa ./Free_RTOS/tasks.o
                0x00004b66                vTaskIncrementTick
 .text.vTaskSwitchContext
                0x00004d10       0xcc ./Free_RTOS/tasks.o
                0x00004d10                vTaskSwitchContext
 .text.vTaskPlaceOnEventList
                0x00004ddc       0x92 ./Free_RTOS/tasks.o
                0x00004ddc                vTaskPlaceOnEventList
 .text.xTaskRemoveFromEventList
                0x00004e6e       0xd0 ./Free_RTOS/tasks.o
                0x00004e6e                xTaskRemoveFromEventList
 .text.vTaskSetTimeOutState
                0x00004f3e       0x32 ./Free_RTOS/tasks.o
                0x00004f3e                vTaskSetTimeOutState
 .text.xTaskCheckForTimeOut
                0x00004f70       0xce ./Free_RTOS/tasks.o
                0x00004f70                xTaskCheckForTimeOut
 .text.vTaskMissedYield
                0x0000503e       0x14 ./Free_RTOS/tasks.o
                0x0000503e                vTaskMissedYield
 .text.prvIdleTask
                0x00005052       0x14 ./Free_RTOS/tasks.o
 .text.prvInitialiseTCBVariables
                0x00005066       0xae ./Free_RTOS/tasks.o
 .text.prvInitialiseTaskLists
                0x00005114       0x82 ./Free_RTOS/tasks.o
 .text.prvCheckTasksWaitingTermination
                0x00005196       0x7c ./Free_RTOS/tasks.o
 .text.prvAddCurrentTaskToDelayedList
                0x00005212       0x92 ./Free_RTOS/tasks.o
 .text.prvAllocateTCBAndStack
                0x000052a4       0xa0 ./Free_RTOS/tasks.o
 .text.prvDeleteTCB
                0x00005344       0x2c ./Free_RTOS/tasks.o
 .text.segment1fun
                0x00005370       0x30 ./main.o
                0x00005370                segment1fun
 .text.str1     0x000053a0       0x34 ./main.o
                0x000053a0                str1
 .text.LED_1    0x000053d4       0x1a ./main.o
                0x000053d4                LED_1
 .text.LED_2    0x000053ee       0x1a ./main.o
                0x000053ee                LED_2
 .text.LED_3    0x00005408       0x1a ./main.o
                0x00005408                LED_3
 .text.main     0x00005422       0xa6 ./main.o
                0x00005422                main
 .text.libgcc   0x000054c8        0x0 d:/nti/tools/eclipse/sdk_win_64/sdk_win_64/winavr/bin/../lib/gcc/avr/4.3.3/avr5\libgcc.a(_exit.o)
 .text.libgcc   0x000054c8        0x0 d:/nti/tools/eclipse/sdk_win_64/sdk_win_64/winavr/bin/../lib/gcc/avr/4.3.3/avr5\libgcc.a(_copy_data.o)
 .text.libgcc   0x000054c8        0x0 d:/nti/tools/eclipse/sdk_win_64/sdk_win_64/winavr/bin/../lib/gcc/avr/4.3.3/avr5\libgcc.a(_clear_bss.o)
 .text.libgcc   0x000054c8       0x38 d:/nti/tools/eclipse/sdk_win_64/sdk_win_64/winavr/bin/../lib/gcc/avr/4.3.3/avr5\libgcc.a(_prologue.o)
                0x000054c8                __prologue_saves__
 .text.libgcc   0x00005500       0x36 d:/nti/tools/eclipse/sdk_win_64/sdk_win_64/winavr/bin/../lib/gcc/avr/4.3.3/avr5\libgcc.a(_epilogue.o)
                0x00005500                __epilogue_restores__
 .text.avr-libc
                0x00005536       0x12 d:/nti/tools/eclipse/sdk_win_64/sdk_win_64/winavr/bin/../lib/gcc/avr/4.3.3/../../../../avr/lib/avr5\libc.a(memcpy.o)
                0x00005536                memcpy
 .text.avr-libc
                0x00005548        0xe d:/nti/tools/eclipse/sdk_win_64/sdk_win_64/winavr/bin/../lib/gcc/avr/4.3.3/../../../../avr/lib/avr5\libc.a(memset.o)
                0x00005548                memset
 .text.avr-libc
                0x00005556       0x1e d:/nti/tools/eclipse/sdk_win_64/sdk_win_64/winavr/bin/../lib/gcc/avr/4.3.3/../../../../avr/lib/avr5\libc.a(strncpy.o)
                0x00005556                strncpy
 .text.avr-libc
                0x00005574       0x42 d:/nti/tools/eclipse/sdk_win_64/sdk_win_64/winavr/bin/../lib/gcc/avr/4.3.3/../../../../avr/lib/avr5\libc.a(itoa.o)
                0x00005574                itoa
 .text.avr-libc
                0x000055b6       0x20 d:/nti/tools/eclipse/sdk_win_64/sdk_win_64/winavr/bin/../lib/gcc/avr/4.3.3/../../../../avr/lib/avr5\libc.a(strrev.o)
                0x000055b6                strrev
 .text.libgcc   0x000055d6       0x28 d:/nti/tools/eclipse/sdk_win_64/sdk_win_64/winavr/bin/../lib/gcc/avr/4.3.3/avr5\libgcc.a(_udivmodhi4.o)
                0x000055d6                __udivmodhi4
                0x000055fe                . = ALIGN (0x2)
 *(.fini9)
 .fini9         0x000055fe        0x0 d:/nti/tools/eclipse/sdk_win_64/sdk_win_64/winavr/bin/../lib/gcc/avr/4.3.3/avr5\libgcc.a(_exit.o)
                0x000055fe                exit
                0x000055fe                _exit
 *(.fini9)
 *(.fini8)
 *(.fini8)
 *(.fini7)
 *(.fini7)
 *(.fini6)
 *(.fini6)
 *(.fini5)
 *(.fini5)
 *(.fini4)
 *(.fini4)
 *(.fini3)
 *(.fini3)
 *(.fini2)
 *(.fini2)
 *(.fini1)
 *(.fini1)
 *(.fini0)
 .fini0         0x000055fe        0x4 d:/nti/tools/eclipse/sdk_win_64/sdk_win_64/winavr/bin/../lib/gcc/avr/4.3.3/avr5\libgcc.a(_exit.o)
 *(.fini0)
                0x00005602                _etext = .

.data           0x00800060       0x4a load address 0x00005602
                0x00800060                PROVIDE (__data_start, .)
 *(.data)
 .data          0x00800060        0x0 d:/nti/tools/eclipse/sdk_win_64/sdk_win_64/winavr/bin/../lib/gcc/avr/4.3.3/../../../../avr/lib/avr5/crtm32.o
 .data          0x00800060        0x0 ./RTOS_STACK/RTOS_Program.o
 .data          0x00800060        0x0 ./MCAL/TIMER/TIMER_Program.o
 .data          0x00800060        0x0 ./MCAL/MGIE/MGIE_Program.o
 .data          0x00800060        0x0 ./MCAL/MDIO/MDIO_Program.o
 .data          0x00800060        0x0 ./MCAL/DIO/DIO_Program.o
 .data          0x00800060        0x0 ./HAL/SS/SSD_Programe.o
 .data          0x00800060        0x0 ./HAL/LCD/LCD_program.o
 .data          0x00800060        0x0 ./HAL/HLED/HLED_Program.o
 .data          0x00800060        0x0 ./Free_RTOS/croutine.o
 .data          0x00800060        0x0 ./Free_RTOS/heap_1.o
 .data          0x00800060        0x0 ./Free_RTOS/list.o
 .data          0x00800060        0x0 ./Free_RTOS/port.o
 .data          0x00800060        0x0 ./Free_RTOS/queue.o
 .data          0x00800060        0x5 ./Free_RTOS/tasks.o
 .data          0x00800065        0x0 ./Free_RTOS/timers.o
 .data          0x00800065       0x12 ./main.o
 .data          0x00800077        0x0 d:/nti/tools/eclipse/sdk_win_64/sdk_win_64/winavr/bin/../lib/gcc/avr/4.3.3/avr5\libgcc.a(_exit.o)
 .data          0x00800077        0x0 d:/nti/tools/eclipse/sdk_win_64/sdk_win_64/winavr/bin/../lib/gcc/avr/4.3.3/avr5\libgcc.a(_copy_data.o)
 .data          0x00800077        0x0 d:/nti/tools/eclipse/sdk_win_64/sdk_win_64/winavr/bin/../lib/gcc/avr/4.3.3/avr5\libgcc.a(_clear_bss.o)
 .data          0x00800077        0x0 d:/nti/tools/eclipse/sdk_win_64/sdk_win_64/winavr/bin/../lib/gcc/avr/4.3.3/avr5\libgcc.a(_fixunssfsi.o)
 .data          0x00800077        0x0 d:/nti/tools/eclipse/sdk_win_64/sdk_win_64/winavr/bin/../lib/gcc/avr/4.3.3/avr5\libgcc.a(_addsub_sf.o)
 .data          0x00800077        0x0 d:/nti/tools/eclipse/sdk_win_64/sdk_win_64/winavr/bin/../lib/gcc/avr/4.3.3/avr5\libgcc.a(_mul_sf.o)
 .data          0x00800077        0x0 d:/nti/tools/eclipse/sdk_win_64/sdk_win_64/winavr/bin/../lib/gcc/avr/4.3.3/avr5\libgcc.a(_gt_sf.o)
 .data          0x00800077        0x0 d:/nti/tools/eclipse/sdk_win_64/sdk_win_64/winavr/bin/../lib/gcc/avr/4.3.3/avr5\libgcc.a(_ge_sf.o)
 .data          0x00800077        0x0 d:/nti/tools/eclipse/sdk_win_64/sdk_win_64/winavr/bin/../lib/gcc/avr/4.3.3/avr5\libgcc.a(_lt_sf.o)
 .data          0x00800077        0x0 d:/nti/tools/eclipse/sdk_win_64/sdk_win_64/winavr/bin/../lib/gcc/avr/4.3.3/avr5\libgcc.a(_sf_to_si.o)
 .data          0x00800077        0x8 d:/nti/tools/eclipse/sdk_win_64/sdk_win_64/winavr/bin/../lib/gcc/avr/4.3.3/avr5\libgcc.a(_thenan_sf.o)
                0x00800077                __thenan_sf
 .data          0x0080007f        0x0 d:/nti/tools/eclipse/sdk_win_64/sdk_win_64/winavr/bin/../lib/gcc/avr/4.3.3/avr5\libgcc.a(_prologue.o)
 .data          0x0080007f        0x0 d:/nti/tools/eclipse/sdk_win_64/sdk_win_64/winavr/bin/../lib/gcc/avr/4.3.3/avr5\libgcc.a(_epilogue.o)
 .data          0x0080007f        0x0 d:/nti/tools/eclipse/sdk_win_64/sdk_win_64/winavr/bin/../lib/gcc/avr/4.3.3/avr5\libgcc.a(_pack_sf.o)
 .data          0x0080007f        0x0 d:/nti/tools/eclipse/sdk_win_64/sdk_win_64/winavr/bin/../lib/gcc/avr/4.3.3/avr5\libgcc.a(_unpack_sf.o)
 .data          0x0080007f        0x0 d:/nti/tools/eclipse/sdk_win_64/sdk_win_64/winavr/bin/../lib/gcc/avr/4.3.3/avr5\libgcc.a(_fpcmp_parts_sf.o)
 .data          0x0080007f        0x0 d:/nti/tools/eclipse/sdk_win_64/sdk_win_64/winavr/bin/../lib/gcc/avr/4.3.3/../../../../avr/lib/avr5\libc.a(memcpy.o)
 .data          0x0080007f        0x0 d:/nti/tools/eclipse/sdk_win_64/sdk_win_64/winavr/bin/../lib/gcc/avr/4.3.3/../../../../avr/lib/avr5\libc.a(memset.o)
 .data          0x0080007f        0x0 d:/nti/tools/eclipse/sdk_win_64/sdk_win_64/winavr/bin/../lib/gcc/avr/4.3.3/../../../../avr/lib/avr5\libc.a(strncpy.o)
 .data          0x0080007f        0x0 d:/nti/tools/eclipse/sdk_win_64/sdk_win_64/winavr/bin/../lib/gcc/avr/4.3.3/../../../../avr/lib/avr5\libc.a(itoa.o)
 .data          0x0080007f        0x0 d:/nti/tools/eclipse/sdk_win_64/sdk_win_64/winavr/bin/../lib/gcc/avr/4.3.3/../../../../avr/lib/avr5\libc.a(strrev.o)
 .data          0x0080007f        0x0 d:/nti/tools/eclipse/sdk_win_64/sdk_win_64/winavr/bin/../lib/gcc/avr/4.3.3/avr5\libgcc.a(_udivmodhi4.o)
 *(.data*)
 .data.xNextTaskUnblockTime
                0x0080007f        0x2 ./Free_RTOS/tasks.o
 .data.arr1     0x00800081       0x14 ./main.o
                0x00800081                arr1
 .data.arr2     0x00800095       0x14 ./main.o
                0x00800095                arr2
 *(.rodata)
 *(.rodata*)
 *(.gnu.linkonce.d*)
                0x008000aa                . = ALIGN (0x2)
 *fill*         0x008000a9        0x1 00
                0x008000aa                _edata = .
                0x008000aa                PROVIDE (__data_end, .)

.bss            0x008000aa      0x4ab
                0x008000aa                PROVIDE (__bss_start, .)
 *(.bss)
 .bss           0x008000aa        0x0 d:/nti/tools/eclipse/sdk_win_64/sdk_win_64/winavr/bin/../lib/gcc/avr/4.3.3/../../../../avr/lib/avr5/crtm32.o
 .bss           0x008000aa        0x0 ./RTOS_STACK/RTOS_Program.o
 .bss           0x008000aa        0x0 ./MCAL/TIMER/TIMER_Program.o
 .bss           0x008000aa        0x0 ./MCAL/MGIE/MGIE_Program.o
 .bss           0x008000aa        0x0 ./MCAL/MDIO/MDIO_Program.o
 .bss           0x008000aa        0x0 ./MCAL/DIO/DIO_Program.o
 .bss           0x008000aa        0x0 ./HAL/SS/SSD_Programe.o
 .bss           0x008000aa        0x0 ./HAL/LCD/LCD_program.o
 .bss           0x008000aa        0x0 ./HAL/HLED/HLED_Program.o
 .bss           0x008000aa        0x0 ./Free_RTOS/croutine.o
 .bss           0x008000aa        0x0 ./Free_RTOS/heap_1.o
 .bss           0x008000aa        0x0 ./Free_RTOS/list.o
 .bss           0x008000aa        0x0 ./Free_RTOS/port.o
 .bss           0x008000aa        0x0 ./Free_RTOS/queue.o
 .bss           0x008000aa        0x0 ./Free_RTOS/tasks.o
 .bss           0x008000aa        0x0 ./Free_RTOS/timers.o
 .bss           0x008000aa        0x0 ./main.o
 .bss           0x008000aa        0x0 d:/nti/tools/eclipse/sdk_win_64/sdk_win_64/winavr/bin/../lib/gcc/avr/4.3.3/avr5\libgcc.a(_exit.o)
 .bss           0x008000aa        0x0 d:/nti/tools/eclipse/sdk_win_64/sdk_win_64/winavr/bin/../lib/gcc/avr/4.3.3/avr5\libgcc.a(_copy_data.o)
 .bss           0x008000aa        0x0 d:/nti/tools/eclipse/sdk_win_64/sdk_win_64/winavr/bin/../lib/gcc/avr/4.3.3/avr5\libgcc.a(_clear_bss.o)
 .bss           0x008000aa        0x0 d:/nti/tools/eclipse/sdk_win_64/sdk_win_64/winavr/bin/../lib/gcc/avr/4.3.3/avr5\libgcc.a(_fixunssfsi.o)
 .bss           0x008000aa        0x0 d:/nti/tools/eclipse/sdk_win_64/sdk_win_64/winavr/bin/../lib/gcc/avr/4.3.3/avr5\libgcc.a(_addsub_sf.o)
 .bss           0x008000aa        0x0 d:/nti/tools/eclipse/sdk_win_64/sdk_win_64/winavr/bin/../lib/gcc/avr/4.3.3/avr5\libgcc.a(_mul_sf.o)
 .bss           0x008000aa        0x0 d:/nti/tools/eclipse/sdk_win_64/sdk_win_64/winavr/bin/../lib/gcc/avr/4.3.3/avr5\libgcc.a(_gt_sf.o)
 .bss           0x008000aa        0x0 d:/nti/tools/eclipse/sdk_win_64/sdk_win_64/winavr/bin/../lib/gcc/avr/4.3.3/avr5\libgcc.a(_ge_sf.o)
 .bss           0x008000aa        0x0 d:/nti/tools/eclipse/sdk_win_64/sdk_win_64/winavr/bin/../lib/gcc/avr/4.3.3/avr5\libgcc.a(_lt_sf.o)
 .bss           0x008000aa        0x0 d:/nti/tools/eclipse/sdk_win_64/sdk_win_64/winavr/bin/../lib/gcc/avr/4.3.3/avr5\libgcc.a(_sf_to_si.o)
 .bss           0x008000aa        0x0 d:/nti/tools/eclipse/sdk_win_64/sdk_win_64/winavr/bin/../lib/gcc/avr/4.3.3/avr5\libgcc.a(_thenan_sf.o)
 .bss           0x008000aa        0x0 d:/nti/tools/eclipse/sdk_win_64/sdk_win_64/winavr/bin/../lib/gcc/avr/4.3.3/avr5\libgcc.a(_prologue.o)
 .bss           0x008000aa        0x0 d:/nti/tools/eclipse/sdk_win_64/sdk_win_64/winavr/bin/../lib/gcc/avr/4.3.3/avr5\libgcc.a(_epilogue.o)
 .bss           0x008000aa        0x0 d:/nti/tools/eclipse/sdk_win_64/sdk_win_64/winavr/bin/../lib/gcc/avr/4.3.3/avr5\libgcc.a(_pack_sf.o)
 .bss           0x008000aa        0x0 d:/nti/tools/eclipse/sdk_win_64/sdk_win_64/winavr/bin/../lib/gcc/avr/4.3.3/avr5\libgcc.a(_unpack_sf.o)
 .bss           0x008000aa        0x0 d:/nti/tools/eclipse/sdk_win_64/sdk_win_64/winavr/bin/../lib/gcc/avr/4.3.3/avr5\libgcc.a(_fpcmp_parts_sf.o)
 .bss           0x008000aa        0x0 d:/nti/tools/eclipse/sdk_win_64/sdk_win_64/winavr/bin/../lib/gcc/avr/4.3.3/../../../../avr/lib/avr5\libc.a(memcpy.o)
 .bss           0x008000aa        0x0 d:/nti/tools/eclipse/sdk_win_64/sdk_win_64/winavr/bin/../lib/gcc/avr/4.3.3/../../../../avr/lib/avr5\libc.a(memset.o)
 .bss           0x008000aa        0x0 d:/nti/tools/eclipse/sdk_win_64/sdk_win_64/winavr/bin/../lib/gcc/avr/4.3.3/../../../../avr/lib/avr5\libc.a(strncpy.o)
 .bss           0x008000aa        0x0 d:/nti/tools/eclipse/sdk_win_64/sdk_win_64/winavr/bin/../lib/gcc/avr/4.3.3/../../../../avr/lib/avr5\libc.a(itoa.o)
 .bss           0x008000aa        0x0 d:/nti/tools/eclipse/sdk_win_64/sdk_win_64/winavr/bin/../lib/gcc/avr/4.3.3/../../../../avr/lib/avr5\libc.a(strrev.o)
 .bss           0x008000aa        0x0 d:/nti/tools/eclipse/sdk_win_64/sdk_win_64/winavr/bin/../lib/gcc/avr/4.3.3/avr5\libgcc.a(_udivmodhi4.o)
 *(.bss*)
 .bss.SysTasks  0x008000aa       0x18 ./RTOS_STACK/RTOS_Program.o
                0x008000aa                SysTasks
 .bss.local_count_systick_count.1287
                0x008000c2        0x4 ./RTOS_STACK/RTOS_Program.o
 .bss.local_address.1415
                0x008000c6        0x1 ./HAL/LCD/LCD_program.o
 .bss.Flag.1254
                0x008000c7        0x1 ./HAL/HLED/HLED_Program.o
 .bss.pxCurrentCoRoutine
                0x008000c8        0x2 ./Free_RTOS/croutine.o
                0x008000c8                pxCurrentCoRoutine
 .bss.uxTopCoRoutineReadyPriority
                0x008000ca        0x1 ./Free_RTOS/croutine.o
 .bss.xCoRoutineTickCount
                0x008000cb        0x2 ./Free_RTOS/croutine.o
 .bss.xLastTickCount
                0x008000cd        0x2 ./Free_RTOS/croutine.o
 .bss.xPassedTicks
                0x008000cf        0x2 ./Free_RTOS/croutine.o
 .bss.pxReadyCoRoutineLists
                0x008000d1       0x12 ./Free_RTOS/croutine.o
 .bss.xDelayedCoRoutineList1
                0x008000e3        0x9 ./Free_RTOS/croutine.o
 .bss.xDelayedCoRoutineList2
                0x008000ec        0x9 ./Free_RTOS/croutine.o
 .bss.pxDelayedCoRoutineList
                0x008000f5        0x2 ./Free_RTOS/croutine.o
 .bss.pxOverflowDelayedCoRoutineList
                0x008000f7        0x2 ./Free_RTOS/croutine.o
 .bss.xPendingReadyCoRoutineList
                0x008000f9        0x9 ./Free_RTOS/croutine.o
 .bss.xNextFreeByte
                0x00800102        0x2 ./Free_RTOS/heap_1.o
 .bss.xHeap     0x00800104      0x3e8 ./Free_RTOS/heap_1.o
 .bss.pxCurrentTCB
                0x008004ec        0x2 ./Free_RTOS/tasks.o
                0x008004ec                pxCurrentTCB
 .bss.uxTasksDeleted
                0x008004ee        0x1 ./Free_RTOS/tasks.o
 .bss.uxCurrentNumberOfTasks
                0x008004ef        0x1 ./Free_RTOS/tasks.o
 .bss.xTickCount
                0x008004f0        0x2 ./Free_RTOS/tasks.o
 .bss.uxTopUsedPriority
                0x008004f2        0x1 ./Free_RTOS/tasks.o
 .bss.uxTopReadyPriority
                0x008004f3        0x1 ./Free_RTOS/tasks.o
 .bss.xSchedulerRunning
                0x008004f4        0x1 ./Free_RTOS/tasks.o
 .bss.uxSchedulerSuspended
                0x008004f5        0x1 ./Free_RTOS/tasks.o
 .bss.uxMissedTicks
                0x008004f6        0x1 ./Free_RTOS/tasks.o
 .bss.xMissedYield
                0x008004f7        0x1 ./Free_RTOS/tasks.o
 .bss.xNumOfOverflows
                0x008004f8        0x1 ./Free_RTOS/tasks.o
 .bss.uxTaskNumber
                0x008004f9        0x1 ./Free_RTOS/tasks.o
 .bss.pxReadyTasksLists
                0x008004fa       0x24 ./Free_RTOS/tasks.o
 .bss.xDelayedTaskList1
                0x0080051e        0x9 ./Free_RTOS/tasks.o
 .bss.xDelayedTaskList2
                0x00800527        0x9 ./Free_RTOS/tasks.o
 .bss.pxDelayedTaskList
                0x00800530        0x2 ./Free_RTOS/tasks.o
 .bss.pxOverflowDelayedTaskList
                0x00800532        0x2 ./Free_RTOS/tasks.o
 .bss.xPendingReadyList
                0x00800534        0x9 ./Free_RTOS/tasks.o
 .bss.xTasksWaitingTermination
                0x0080053d        0x9 ./Free_RTOS/tasks.o
 .bss.xSuspendedTaskList
                0x00800546        0x9 ./Free_RTOS/tasks.o
 .bss.counter.1573
                0x0080054f        0x1 ./main.o
 .bss.count.1583
                0x00800550        0x1 ./main.o
 *(COMMON)
 COMMON         0x00800551        0x2 ./MCAL/TIMER/TIMER_Program.o
                0x00800551                TIMER0_CallBack
 COMMON         0x00800553        0x2 ./main.o
                0x00800553                LCDSem
                0x00800555                PROVIDE (__bss_end, .)
                0x00005602                __data_load_start = LOADADDR (.data)
                0x0000564c                __data_load_end = (__data_load_start + SIZEOF (.data))

.noinit         0x00800555        0x0
                0x00800555                PROVIDE (__noinit_start, .)
 *(.noinit*)
                0x00800555                PROVIDE (__noinit_end, .)
                0x00800555                _end = .
                0x00800555                PROVIDE (__heap_start, .)

.eeprom         0x00810000        0x0
 *(.eeprom*)
                0x00810000                __eeprom_end = .

.fuse
 *(.fuse)
 *(.lfuse)
 *(.hfuse)
 *(.efuse)

.lock
 *(.lock*)

.signature
 *(.signature*)

.stab           0x00000000     0x7218
 *(.stab)
 .stab          0x00000000      0x4bc ./RTOS_STACK/RTOS_Program.o
 .stab          0x000004bc      0x354 ./MCAL/TIMER/TIMER_Program.o
                                0x360 (size before relaxing)
 .stab          0x00000810      0x1e0 ./MCAL/MGIE/MGIE_Program.o
                                0x1ec (size before relaxing)
 .stab          0x000009f0      0x888 ./MCAL/MDIO/MDIO_Program.o
                                0x894 (size before relaxing)
 .stab          0x00001278      0x558 ./MCAL/DIO/DIO_Program.o
                                0x564 (size before relaxing)
 .stab          0x000017d0      0x2b8 ./HAL/SS/SSD_Programe.o
                                0x2c4 (size before relaxing)
 .stab          0x00001a88      0xcd8 ./HAL/LCD/LCD_program.o
                                0xce4 (size before relaxing)
 .stab          0x00002760      0x330 ./HAL/HLED/HLED_Program.o
                                0x33c (size before relaxing)
 .stab          0x00002a90      0x9b4 ./Free_RTOS/croutine.o
                                0xb40 (size before relaxing)
 .stab          0x00003444      0x354 ./Free_RTOS/heap_1.o
                                0x624 (size before relaxing)
 .stab          0x00003798      0x474 ./Free_RTOS/list.o
                                0x750 (size before relaxing)
 .stab          0x00003c0c      0x840 ./Free_RTOS/port.o
                                0xb70 (size before relaxing)
 .stab          0x0000444c      0xf24 ./Free_RTOS/queue.o
                               0x1260 (size before relaxing)
 .stab          0x00005370     0x1908 ./Free_RTOS/tasks.o
                               0x1b60 (size before relaxing)
 .stab          0x00006c78      0x1c8 ./Free_RTOS/timers.o
                                0x4c8 (size before relaxing)
 .stab          0x00006e40      0x3d8 ./main.o
                                0x7bc (size before relaxing)

.stabstr        0x00000000     0x3d60
 *(.stabstr)
 .stabstr       0x00000000     0x3d60 ./RTOS_STACK/RTOS_Program.o

.stab.excl
 *(.stab.excl)

.stab.exclstr
 *(.stab.exclstr)

.stab.index
 *(.stab.index)

.stab.indexstr
 *(.stab.indexstr)

.comment
 *(.comment)

.debug
 *(.debug)

.line
 *(.line)

.debug_srcinfo
 *(.debug_srcinfo)

.debug_sfnames
 *(.debug_sfnames)

.debug_aranges  0x00000000      0x140
 *(.debug_aranges)
 .debug_aranges
                0x00000000       0x20 d:/nti/tools/eclipse/sdk_win_64/sdk_win_64/winavr/bin/../lib/gcc/avr/4.3.3/avr5\libgcc.a(_fixunssfsi.o)
 .debug_aranges
                0x00000020       0x20 d:/nti/tools/eclipse/sdk_win_64/sdk_win_64/winavr/bin/../lib/gcc/avr/4.3.3/avr5\libgcc.a(_addsub_sf.o)
 .debug_aranges
                0x00000040       0x20 d:/nti/tools/eclipse/sdk_win_64/sdk_win_64/winavr/bin/../lib/gcc/avr/4.3.3/avr5\libgcc.a(_mul_sf.o)
 .debug_aranges
                0x00000060       0x20 d:/nti/tools/eclipse/sdk_win_64/sdk_win_64/winavr/bin/../lib/gcc/avr/4.3.3/avr5\libgcc.a(_gt_sf.o)
 .debug_aranges
                0x00000080       0x20 d:/nti/tools/eclipse/sdk_win_64/sdk_win_64/winavr/bin/../lib/gcc/avr/4.3.3/avr5\libgcc.a(_ge_sf.o)
 .debug_aranges
                0x000000a0       0x20 d:/nti/tools/eclipse/sdk_win_64/sdk_win_64/winavr/bin/../lib/gcc/avr/4.3.3/avr5\libgcc.a(_lt_sf.o)
 .debug_aranges
                0x000000c0       0x20 d:/nti/tools/eclipse/sdk_win_64/sdk_win_64/winavr/bin/../lib/gcc/avr/4.3.3/avr5\libgcc.a(_sf_to_si.o)
 .debug_aranges
                0x000000e0       0x20 d:/nti/tools/eclipse/sdk_win_64/sdk_win_64/winavr/bin/../lib/gcc/avr/4.3.3/avr5\libgcc.a(_pack_sf.o)
 .debug_aranges
                0x00000100       0x20 d:/nti/tools/eclipse/sdk_win_64/sdk_win_64/winavr/bin/../lib/gcc/avr/4.3.3/avr5\libgcc.a(_unpack_sf.o)
 .debug_aranges
                0x00000120       0x20 d:/nti/tools/eclipse/sdk_win_64/sdk_win_64/winavr/bin/../lib/gcc/avr/4.3.3/avr5\libgcc.a(_fpcmp_parts_sf.o)

.debug_pubnames
                0x00000000      0x170
 *(.debug_pubnames)
 .debug_pubnames
                0x00000000       0x23 d:/nti/tools/eclipse/sdk_win_64/sdk_win_64/winavr/bin/../lib/gcc/avr/4.3.3/avr5\libgcc.a(_fixunssfsi.o)
 .debug_pubnames
                0x00000023       0x2c d:/nti/tools/eclipse/sdk_win_64/sdk_win_64/winavr/bin/../lib/gcc/avr/4.3.3/avr5\libgcc.a(_addsub_sf.o)
 .debug_pubnames
                0x0000004f       0x1f d:/nti/tools/eclipse/sdk_win_64/sdk_win_64/winavr/bin/../lib/gcc/avr/4.3.3/avr5\libgcc.a(_mul_sf.o)
 .debug_pubnames
                0x0000006e       0x1e d:/nti/tools/eclipse/sdk_win_64/sdk_win_64/winavr/bin/../lib/gcc/avr/4.3.3/avr5\libgcc.a(_gt_sf.o)
 .debug_pubnames
                0x0000008c       0x1e d:/nti/tools/eclipse/sdk_win_64/sdk_win_64/winavr/bin/../lib/gcc/avr/4.3.3/avr5\libgcc.a(_ge_sf.o)
 .debug_pubnames
                0x000000aa       0x1e d:/nti/tools/eclipse/sdk_win_64/sdk_win_64/winavr/bin/../lib/gcc/avr/4.3.3/avr5\libgcc.a(_lt_sf.o)
 .debug_pubnames
                0x000000c8       0x20 d:/nti/tools/eclipse/sdk_win_64/sdk_win_64/winavr/bin/../lib/gcc/avr/4.3.3/avr5\libgcc.a(_sf_to_si.o)
 .debug_pubnames
                0x000000e8       0x22 d:/nti/tools/eclipse/sdk_win_64/sdk_win_64/winavr/bin/../lib/gcc/avr/4.3.3/avr5\libgcc.a(_thenan_sf.o)
 .debug_pubnames
                0x0000010a       0x1f d:/nti/tools/eclipse/sdk_win_64/sdk_win_64/winavr/bin/../lib/gcc/avr/4.3.3/avr5\libgcc.a(_pack_sf.o)
 .debug_pubnames
                0x00000129       0x21 d:/nti/tools/eclipse/sdk_win_64/sdk_win_64/winavr/bin/../lib/gcc/avr/4.3.3/avr5\libgcc.a(_unpack_sf.o)
 .debug_pubnames
                0x0000014a       0x26 d:/nti/tools/eclipse/sdk_win_64/sdk_win_64/winavr/bin/../lib/gcc/avr/4.3.3/avr5\libgcc.a(_fpcmp_parts_sf.o)

.debug_info     0x00000000     0x1c49
 *(.debug_info)
 .debug_info    0x00000000       0xb1 d:/nti/tools/eclipse/sdk_win_64/sdk_win_64/winavr/bin/../lib/gcc/avr/4.3.3/avr5\libgcc.a(_fixunssfsi.o)
 .debug_info    0x000000b1      0x47a d:/nti/tools/eclipse/sdk_win_64/sdk_win_64/winavr/bin/../lib/gcc/avr/4.3.3/avr5\libgcc.a(_addsub_sf.o)
 .debug_info    0x0000052b      0x485 d:/nti/tools/eclipse/sdk_win_64/sdk_win_64/winavr/bin/../lib/gcc/avr/4.3.3/avr5\libgcc.a(_mul_sf.o)
 .debug_info    0x000009b0      0x27f d:/nti/tools/eclipse/sdk_win_64/sdk_win_64/winavr/bin/../lib/gcc/avr/4.3.3/avr5\libgcc.a(_gt_sf.o)
 .debug_info    0x00000c2f      0x27f d:/nti/tools/eclipse/sdk_win_64/sdk_win_64/winavr/bin/../lib/gcc/avr/4.3.3/avr5\libgcc.a(_ge_sf.o)
 .debug_info    0x00000eae      0x27f d:/nti/tools/eclipse/sdk_win_64/sdk_win_64/winavr/bin/../lib/gcc/avr/4.3.3/avr5\libgcc.a(_lt_sf.o)
 .debug_info    0x0000112d      0x2b0 d:/nti/tools/eclipse/sdk_win_64/sdk_win_64/winavr/bin/../lib/gcc/avr/4.3.3/avr5\libgcc.a(_sf_to_si.o)
 .debug_info    0x000013dd      0x12c d:/nti/tools/eclipse/sdk_win_64/sdk_win_64/winavr/bin/../lib/gcc/avr/4.3.3/avr5\libgcc.a(_thenan_sf.o)
 .debug_info    0x00001509      0x2df d:/nti/tools/eclipse/sdk_win_64/sdk_win_64/winavr/bin/../lib/gcc/avr/4.3.3/avr5\libgcc.a(_pack_sf.o)
 .debug_info    0x000017e8      0x251 d:/nti/tools/eclipse/sdk_win_64/sdk_win_64/winavr/bin/../lib/gcc/avr/4.3.3/avr5\libgcc.a(_unpack_sf.o)
 .debug_info    0x00001a39      0x210 d:/nti/tools/eclipse/sdk_win_64/sdk_win_64/winavr/bin/../lib/gcc/avr/4.3.3/avr5\libgcc.a(_fpcmp_parts_sf.o)
 *(.gnu.linkonce.wi.*)

.debug_abbrev   0x00000000      0xeeb
 *(.debug_abbrev)
 .debug_abbrev  0x00000000       0x5d d:/nti/tools/eclipse/sdk_win_64/sdk_win_64/winavr/bin/../lib/gcc/avr/4.3.3/avr5\libgcc.a(_fixunssfsi.o)
 .debug_abbrev  0x0000005d      0x1ea d:/nti/tools/eclipse/sdk_win_64/sdk_win_64/winavr/bin/../lib/gcc/avr/4.3.3/avr5\libgcc.a(_addsub_sf.o)
 .debug_abbrev  0x00000247      0x21b d:/nti/tools/eclipse/sdk_win_64/sdk_win_64/winavr/bin/../lib/gcc/avr/4.3.3/avr5\libgcc.a(_mul_sf.o)
 .debug_abbrev  0x00000462      0x15a d:/nti/tools/eclipse/sdk_win_64/sdk_win_64/winavr/bin/../lib/gcc/avr/4.3.3/avr5\libgcc.a(_gt_sf.o)
 .debug_abbrev  0x000005bc      0x15a d:/nti/tools/eclipse/sdk_win_64/sdk_win_64/winavr/bin/../lib/gcc/avr/4.3.3/avr5\libgcc.a(_ge_sf.o)
 .debug_abbrev  0x00000716      0x15a d:/nti/tools/eclipse/sdk_win_64/sdk_win_64/winavr/bin/../lib/gcc/avr/4.3.3/avr5\libgcc.a(_lt_sf.o)
 .debug_abbrev  0x00000870      0x17f d:/nti/tools/eclipse/sdk_win_64/sdk_win_64/winavr/bin/../lib/gcc/avr/4.3.3/avr5\libgcc.a(_sf_to_si.o)
 .debug_abbrev  0x000009ef       0xad d:/nti/tools/eclipse/sdk_win_64/sdk_win_64/winavr/bin/../lib/gcc/avr/4.3.3/avr5\libgcc.a(_thenan_sf.o)
 .debug_abbrev  0x00000a9c      0x1c0 d:/nti/tools/eclipse/sdk_win_64/sdk_win_64/winavr/bin/../lib/gcc/avr/4.3.3/avr5\libgcc.a(_pack_sf.o)
 .debug_abbrev  0x00000c5c      0x154 d:/nti/tools/eclipse/sdk_win_64/sdk_win_64/winavr/bin/../lib/gcc/avr/4.3.3/avr5\libgcc.a(_unpack_sf.o)
 .debug_abbrev  0x00000db0      0x13b d:/nti/tools/eclipse/sdk_win_64/sdk_win_64/winavr/bin/../lib/gcc/avr/4.3.3/avr5\libgcc.a(_fpcmp_parts_sf.o)

.debug_line     0x00000000      0xdad
 *(.debug_line)
 .debug_line    0x00000000       0xa7 d:/nti/tools/eclipse/sdk_win_64/sdk_win_64/winavr/bin/../lib/gcc/avr/4.3.3/avr5\libgcc.a(_fixunssfsi.o)
 .debug_line    0x000000a7      0x2af d:/nti/tools/eclipse/sdk_win_64/sdk_win_64/winavr/bin/../lib/gcc/avr/4.3.3/avr5\libgcc.a(_addsub_sf.o)
 .debug_line    0x00000356      0x239 d:/nti/tools/eclipse/sdk_win_64/sdk_win_64/winavr/bin/../lib/gcc/avr/4.3.3/avr5\libgcc.a(_mul_sf.o)
 .debug_line    0x0000058f       0xd3 d:/nti/tools/eclipse/sdk_win_64/sdk_win_64/winavr/bin/../lib/gcc/avr/4.3.3/avr5\libgcc.a(_gt_sf.o)
 .debug_line    0x00000662       0xd3 d:/nti/tools/eclipse/sdk_win_64/sdk_win_64/winavr/bin/../lib/gcc/avr/4.3.3/avr5\libgcc.a(_ge_sf.o)
 .debug_line    0x00000735       0xd3 d:/nti/tools/eclipse/sdk_win_64/sdk_win_64/winavr/bin/../lib/gcc/avr/4.3.3/avr5\libgcc.a(_lt_sf.o)
 .debug_line    0x00000808      0x109 d:/nti/tools/eclipse/sdk_win_64/sdk_win_64/winavr/bin/../lib/gcc/avr/4.3.3/avr5\libgcc.a(_sf_to_si.o)
 .debug_line    0x00000911       0x90 d:/nti/tools/eclipse/sdk_win_64/sdk_win_64/winavr/bin/../lib/gcc/avr/4.3.3/avr5\libgcc.a(_thenan_sf.o)
 .debug_line    0x000009a1      0x18a d:/nti/tools/eclipse/sdk_win_64/sdk_win_64/winavr/bin/../lib/gcc/avr/4.3.3/avr5\libgcc.a(_pack_sf.o)
 .debug_line    0x00000b2b      0x14b d:/nti/tools/eclipse/sdk_win_64/sdk_win_64/winavr/bin/../lib/gcc/avr/4.3.3/avr5\libgcc.a(_unpack_sf.o)
 .debug_line    0x00000c76      0x137 d:/nti/tools/eclipse/sdk_win_64/sdk_win_64/winavr/bin/../lib/gcc/avr/4.3.3/avr5\libgcc.a(_fpcmp_parts_sf.o)

.debug_frame    0x00000000      0x160
 *(.debug_frame)
 .debug_frame   0x00000000       0x20 d:/nti/tools/eclipse/sdk_win_64/sdk_win_64/winavr/bin/../lib/gcc/avr/4.3.3/avr5\libgcc.a(_fixunssfsi.o)
 .debug_frame   0x00000020       0x40 d:/nti/tools/eclipse/sdk_win_64/sdk_win_64/winavr/bin/../lib/gcc/avr/4.3.3/avr5\libgcc.a(_addsub_sf.o)
 .debug_frame   0x00000060       0x20 d:/nti/tools/eclipse/sdk_win_64/sdk_win_64/winavr/bin/../lib/gcc/avr/4.3.3/avr5\libgcc.a(_mul_sf.o)
 .debug_frame   0x00000080       0x20 d:/nti/tools/eclipse/sdk_win_64/sdk_win_64/winavr/bin/../lib/gcc/avr/4.3.3/avr5\libgcc.a(_gt_sf.o)
 .debug_frame   0x000000a0       0x20 d:/nti/tools/eclipse/sdk_win_64/sdk_win_64/winavr/bin/../lib/gcc/avr/4.3.3/avr5\libgcc.a(_ge_sf.o)
 .debug_frame   0x000000c0       0x20 d:/nti/tools/eclipse/sdk_win_64/sdk_win_64/winavr/bin/../lib/gcc/avr/4.3.3/avr5\libgcc.a(_lt_sf.o)
 .debug_frame   0x000000e0       0x20 d:/nti/tools/eclipse/sdk_win_64/sdk_win_64/winavr/bin/../lib/gcc/avr/4.3.3/avr5\libgcc.a(_sf_to_si.o)
 .debug_frame   0x00000100       0x20 d:/nti/tools/eclipse/sdk_win_64/sdk_win_64/winavr/bin/../lib/gcc/avr/4.3.3/avr5\libgcc.a(_pack_sf.o)
 .debug_frame   0x00000120       0x20 d:/nti/tools/eclipse/sdk_win_64/sdk_win_64/winavr/bin/../lib/gcc/avr/4.3.3/avr5\libgcc.a(_unpack_sf.o)
 .debug_frame   0x00000140       0x20 d:/nti/tools/eclipse/sdk_win_64/sdk_win_64/winavr/bin/../lib/gcc/avr/4.3.3/avr5\libgcc.a(_fpcmp_parts_sf.o)

.debug_str      0x00000000      0x28d
 *(.debug_str)
 .debug_str     0x00000000       0xbf d:/nti/tools/eclipse/sdk_win_64/sdk_win_64/winavr/bin/../lib/gcc/avr/4.3.3/avr5\libgcc.a(_fixunssfsi.o)
                                 0xfe (size before relaxing)
 .debug_str     0x000000bf      0x14d d:/nti/tools/eclipse/sdk_win_64/sdk_win_64/winavr/bin/../lib/gcc/avr/4.3.3/avr5\libgcc.a(_addsub_sf.o)
                                0x206 (size before relaxing)
 .debug_str     0x0000020c       0x27 d:/nti/tools/eclipse/sdk_win_64/sdk_win_64/winavr/bin/../lib/gcc/avr/4.3.3/avr5\libgcc.a(_mul_sf.o)
                                0x1bf (size before relaxing)
 .debug_str     0x00000233        0xf d:/nti/tools/eclipse/sdk_win_64/sdk_win_64/winavr/bin/../lib/gcc/avr/4.3.3/avr5\libgcc.a(_gt_sf.o)
                                0x195 (size before relaxing)
 .debug_str     0x00000242        0x8 d:/nti/tools/eclipse/sdk_win_64/sdk_win_64/winavr/bin/../lib/gcc/avr/4.3.3/avr5\libgcc.a(_ge_sf.o)
                                0x195 (size before relaxing)
 .debug_str     0x0000024a        0x8 d:/nti/tools/eclipse/sdk_win_64/sdk_win_64/winavr/bin/../lib/gcc/avr/4.3.3/avr5\libgcc.a(_lt_sf.o)
                                0x195 (size before relaxing)
 .debug_str     0x00000252        0xa d:/nti/tools/eclipse/sdk_win_64/sdk_win_64/winavr/bin/../lib/gcc/avr/4.3.3/avr5\libgcc.a(_sf_to_si.o)
                                0x19e (size before relaxing)
 .debug_str     0x00000000      0x103 d:/nti/tools/eclipse/sdk_win_64/sdk_win_64/winavr/bin/../lib/gcc/avr/4.3.3/avr5\libgcc.a(_thenan_sf.o)
 .debug_str     0x0000025c       0x16 d:/nti/tools/eclipse/sdk_win_64/sdk_win_64/winavr/bin/../lib/gcc/avr/4.3.3/avr5\libgcc.a(_pack_sf.o)
                                0x19d (size before relaxing)
 .debug_str     0x00000272        0xb d:/nti/tools/eclipse/sdk_win_64/sdk_win_64/winavr/bin/../lib/gcc/avr/4.3.3/avr5\libgcc.a(_unpack_sf.o)
                                0x17f (size before relaxing)
 .debug_str     0x0000027d       0x10 d:/nti/tools/eclipse/sdk_win_64/sdk_win_64/winavr/bin/../lib/gcc/avr/4.3.3/avr5\libgcc.a(_fpcmp_parts_sf.o)
                                0x163 (size before relaxing)

.debug_loc      0x00000000      0x7ce
 *(.debug_loc)
 .debug_loc     0x00000000       0x34 d:/nti/tools/eclipse/sdk_win_64/sdk_win_64/winavr/bin/../lib/gcc/avr/4.3.3/avr5\libgcc.a(_fixunssfsi.o)
 .debug_loc     0x00000034      0x32a d:/nti/tools/eclipse/sdk_win_64/sdk_win_64/winavr/bin/../lib/gcc/avr/4.3.3/avr5\libgcc.a(_addsub_sf.o)
 .debug_loc     0x0000035e      0x104 d:/nti/tools/eclipse/sdk_win_64/sdk_win_64/winavr/bin/../lib/gcc/avr/4.3.3/avr5\libgcc.a(_mul_sf.o)
 .debug_loc     0x00000462       0x3c d:/nti/tools/eclipse/sdk_win_64/sdk_win_64/winavr/bin/../lib/gcc/avr/4.3.3/avr5\libgcc.a(_gt_sf.o)
 .debug_loc     0x0000049e       0x3c d:/nti/tools/eclipse/sdk_win_64/sdk_win_64/winavr/bin/../lib/gcc/avr/4.3.3/avr5\libgcc.a(_ge_sf.o)
 .debug_loc     0x000004da       0x3c d:/nti/tools/eclipse/sdk_win_64/sdk_win_64/winavr/bin/../lib/gcc/avr/4.3.3/avr5\libgcc.a(_lt_sf.o)
 .debug_loc     0x00000516       0x7e d:/nti/tools/eclipse/sdk_win_64/sdk_win_64/winavr/bin/../lib/gcc/avr/4.3.3/avr5\libgcc.a(_sf_to_si.o)
 .debug_loc     0x00000594      0x13e d:/nti/tools/eclipse/sdk_win_64/sdk_win_64/winavr/bin/../lib/gcc/avr/4.3.3/avr5\libgcc.a(_pack_sf.o)
 .debug_loc     0x000006d2       0xac d:/nti/tools/eclipse/sdk_win_64/sdk_win_64/winavr/bin/../lib/gcc/avr/4.3.3/avr5\libgcc.a(_unpack_sf.o)
 .debug_loc     0x0000077e       0x50 d:/nti/tools/eclipse/sdk_win_64/sdk_win_64/winavr/bin/../lib/gcc/avr/4.3.3/avr5\libgcc.a(_fpcmp_parts_sf.o)

.debug_macinfo
 *(.debug_macinfo)
OUTPUT(DEC_NTI_OWN_RTOS.elf elf32-avr)
LOAD linker stubs

.debug_ranges   0x00000000       0x50
 .debug_ranges  0x00000000       0x50 d:/nti/tools/eclipse/sdk_win_64/sdk_win_64/winavr/bin/../lib/gcc/avr/4.3.3/avr5\libgcc.a(_mul_sf.o)
