Archive member included because of file (symbol)

d:/nti/tools/eclipse/sdk_win_64/sdk_win_64/winavr/bin/../lib/gcc/avr/4.3.3/avr5\libgcc.a(_exit.o)
                              d:/nti/tools/eclipse/sdk_win_64/sdk_win_64/winavr/bin/../lib/gcc/avr/4.3.3/../../../../avr/lib/avr5/crtm32.o (exit)
d:/nti/tools/eclipse/sdk_win_64/sdk_win_64/winavr/bin/../lib/gcc/avr/4.3.3/avr5\libgcc.a(_copy_data.o)
                              ./Free_RTOS/tasks.o (__do_copy_data)
d:/nti/tools/eclipse/sdk_win_64/sdk_win_64/winavr/bin/../lib/gcc/avr/4.3.3/avr5\libgcc.a(_clear_bss.o)
                              ./RTOS_STACK/RTOS_Program.o (__do_clear_bss)
d:/nti/tools/eclipse/sdk_win_64/sdk_win_64/winavr/bin/../lib/gcc/avr/4.3.3/../../../../avr/lib/avr5\libc.a(memcpy.o)
                              ./Free_RTOS/queue.o (memcpy)
d:/nti/tools/eclipse/sdk_win_64/sdk_win_64/winavr/bin/../lib/gcc/avr/4.3.3/../../../../avr/lib/avr5\libc.a(memset.o)
                              ./Free_RTOS/tasks.o (memset)
d:/nti/tools/eclipse/sdk_win_64/sdk_win_64/winavr/bin/../lib/gcc/avr/4.3.3/../../../../avr/lib/avr5\libc.a(strncpy.o)
                              ./Free_RTOS/tasks.o (strncpy)
d:/nti/tools/eclipse/sdk_win_64/sdk_win_64/winavr/bin/../lib/gcc/avr/4.3.3/../../../../avr/lib/avr5\libc.a(itoa.o)
                              ./HAL/LCD/LCD_program.o (itoa)
d:/nti/tools/eclipse/sdk_win_64/sdk_win_64/winavr/bin/../lib/gcc/avr/4.3.3/../../../../avr/lib/avr5\libc.a(strrev.o)
                              d:/nti/tools/eclipse/sdk_win_64/sdk_win_64/winavr/bin/../lib/gcc/avr/4.3.3/../../../../avr/lib/avr5\libc.a(itoa.o) (strrev)
d:/nti/tools/eclipse/sdk_win_64/sdk_win_64/winavr/bin/../lib/gcc/avr/4.3.3/avr5\libgcc.a(_udivmodhi4.o)
                              d:/nti/tools/eclipse/sdk_win_64/sdk_win_64/winavr/bin/../lib/gcc/avr/4.3.3/../../../../avr/lib/avr5\libc.a(itoa.o) (__udivmodhi4)

Allocating common symbols
Common symbol       size              file

TIMER0_CallBack     0x2               ./MCAL/TIMER/TIMER_Program.o
LCDSem              0x2               ./main.o

Memory Configuration

Name             Origin             Length             Attributes
text             0x00000000         0x00020000         xr
data             0x00800060         0x0000ffa0         rw !x
eeprom           0x00810000         0x00010000         rw !x
fuse             0x00820000         0x00000400         rw !x
lock             0x00830000         0x00000400         rw !x
signature        0x00840000         0x00000400         rw !x
*default*        0x00000000         0xffffffff

Linker script and memory map

LOAD d:/nti/tools/eclipse/sdk_win_64/sdk_win_64/winavr/bin/../lib/gcc/avr/4.3.3/../../../../avr/lib/avr5/crtm32.o
LOAD ./RTOS_STACK/RTOS_Program.o
LOAD ./MCAL/TIMER/TIMER_Program.o
LOAD ./MCAL/MGIE/MGIE_Program.o
LOAD ./MCAL/MDIO/MDIO_Program.o
LOAD ./MCAL/DIO/DIO_Program.o
LOAD ./HAL/SS/SSD_Programe.o
LOAD ./HAL/LCD/LCD_program.o
LOAD ./HAL/HLED/HLED_Program.o
LOAD ./Free_RTOS/croutine.o
LOAD ./Free_RTOS/heap_1.o
LOAD ./Free_RTOS/list.o
LOAD ./Free_RTOS/port.o
LOAD ./Free_RTOS/queue.o
LOAD ./Free_RTOS/tasks.o
LOAD ./Free_RTOS/timers.o
LOAD ./main.o
LOAD d:/nti/tools/eclipse/sdk_win_64/sdk_win_64/winavr/bin/../lib/gcc/avr/4.3.3/avr5\libgcc.a
LOAD d:/nti/tools/eclipse/sdk_win_64/sdk_win_64/winavr/bin/../lib/gcc/avr/4.3.3/../../../../avr/lib/avr5\libc.a
LOAD d:/nti/tools/eclipse/sdk_win_64/sdk_win_64/winavr/bin/../lib/gcc/avr/4.3.3/avr5\libgcc.a

.hash
 *(.hash)

.dynsym
 *(.dynsym)

.dynstr
 *(.dynstr)

.gnu.version
 *(.gnu.version)

.gnu.version_d
 *(.gnu.version_d)

.gnu.version_r
 *(.gnu.version_r)

.rel.init
 *(.rel.init)

.rela.init
 *(.rela.init)

.rel.text
 *(.rel.text)
 *(.rel.text.*)
 *(.rel.gnu.linkonce.t*)

.rela.text
 *(.rela.text)
 *(.rela.text.*)
 *(.rela.gnu.linkonce.t*)

.rel.fini
 *(.rel.fini)

.rela.fini
 *(.rela.fini)

.rel.rodata
 *(.rel.rodata)
 *(.rel.rodata.*)
 *(.rel.gnu.linkonce.r*)

.rela.rodata
 *(.rela.rodata)
 *(.rela.rodata.*)
 *(.rela.gnu.linkonce.r*)

.rel.data
 *(.rel.data)
 *(.rel.data.*)
 *(.rel.gnu.linkonce.d*)

.rela.data
 *(.rela.data)
 *(.rela.data.*)
 *(.rela.gnu.linkonce.d*)

.rel.ctors
 *(.rel.ctors)

.rela.ctors
 *(.rela.ctors)

.rel.dtors
 *(.rel.dtors)

.rela.dtors
 *(.rela.dtors)

.rel.got
 *(.rel.got)

.rela.got
 *(.rela.got)

.rel.bss
 *(.rel.bss)

.rela.bss
 *(.rela.bss)

.rel.plt
 *(.rel.plt)

.rela.plt
 *(.rela.plt)

.text           0x00000000     0x2678
 *(.vectors)
 .vectors       0x00000000       0x54 d:/nti/tools/eclipse/sdk_win_64/sdk_win_64/winavr/bin/../lib/gcc/avr/4.3.3/../../../../avr/lib/avr5/crtm32.o
                0x00000000                __vectors
                0x00000000                __vector_default
 *(.vectors)
 *(.progmem.gcc*)
 *(.progmem*)
                0x00000054                . = ALIGN (0x2)
                0x00000054                __trampolines_start = .
 *(.trampolines)
 .trampolines   0x00000054        0x0 linker stubs
 *(.trampolines*)
                0x00000054                __trampolines_end = .
 *(.jumptables)
 *(.jumptables*)
 *(.lowtext)
 *(.lowtext*)
                0x00000054                __ctors_start = .
 *(.ctors)
                0x00000054                __ctors_end = .
                0x00000054                __dtors_start = .
 *(.dtors)
                0x00000054                __dtors_end = .
 SORT(*)(.ctors)
 SORT(*)(.dtors)
 *(.init0)
 .init0         0x00000054        0x0 d:/nti/tools/eclipse/sdk_win_64/sdk_win_64/winavr/bin/../lib/gcc/avr/4.3.3/../../../../avr/lib/avr5/crtm32.o
                0x00000054                __init
 *(.init0)
 *(.init1)
 *(.init1)
 *(.init2)
 .init2         0x00000054        0xc d:/nti/tools/eclipse/sdk_win_64/sdk_win_64/winavr/bin/../lib/gcc/avr/4.3.3/../../../../avr/lib/avr5/crtm32.o
 *(.init2)
 *(.init3)
 *(.init3)
 *(.init4)
 .init4         0x00000060       0x16 d:/nti/tools/eclipse/sdk_win_64/sdk_win_64/winavr/bin/../lib/gcc/avr/4.3.3/avr5\libgcc.a(_copy_data.o)
                0x00000060                __do_copy_data
 .init4         0x00000076       0x10 d:/nti/tools/eclipse/sdk_win_64/sdk_win_64/winavr/bin/../lib/gcc/avr/4.3.3/avr5\libgcc.a(_clear_bss.o)
                0x00000076                __do_clear_bss
 *(.init4)
 *(.init5)
 *(.init5)
 *(.init6)
 *(.init6)
 *(.init7)
 *(.init7)
 *(.init8)
 *(.init8)
 *(.init9)
 .init9         0x00000086        0x8 d:/nti/tools/eclipse/sdk_win_64/sdk_win_64/winavr/bin/../lib/gcc/avr/4.3.3/../../../../avr/lib/avr5/crtm32.o
 *(.init9)
 *(.text)
 .text          0x0000008e        0x4 d:/nti/tools/eclipse/sdk_win_64/sdk_win_64/winavr/bin/../lib/gcc/avr/4.3.3/../../../../avr/lib/avr5/crtm32.o
                0x0000008e                __vector_1
                0x0000008e                __vector_12
                0x0000008e                __bad_interrupt
                0x0000008e                __vector_6
                0x0000008e                __vector_3
                0x0000008e                __vector_13
                0x0000008e                __vector_17
                0x0000008e                __vector_19
                0x0000008e                __vector_5
                0x0000008e                __vector_4
                0x0000008e                __vector_9
                0x0000008e                __vector_2
                0x0000008e                __vector_15
                0x0000008e                __vector_8
                0x0000008e                __vector_14
                0x0000008e                __vector_16
                0x0000008e                __vector_18
                0x0000008e                __vector_20
 .text          0x00000092        0x0 ./RTOS_STACK/RTOS_Program.o
 .text          0x00000092        0x0 ./MCAL/TIMER/TIMER_Program.o
 .text          0x00000092        0x0 ./MCAL/MGIE/MGIE_Program.o
 .text          0x00000092        0x0 ./MCAL/MDIO/MDIO_Program.o
 .text          0x00000092        0x0 ./MCAL/DIO/DIO_Program.o
 .text          0x00000092        0x0 ./HAL/SS/SSD_Programe.o
 .text          0x00000092        0x0 ./HAL/LCD/LCD_program.o
 .text          0x00000092        0x0 ./HAL/HLED/HLED_Program.o
 .text          0x00000092        0x0 ./Free_RTOS/croutine.o
 .text          0x00000092        0x0 ./Free_RTOS/heap_1.o
 .text          0x00000092        0x0 ./Free_RTOS/list.o
 .text          0x00000092        0x0 ./Free_RTOS/port.o
 .text          0x00000092        0x0 ./Free_RTOS/queue.o
 .text          0x00000092        0x0 ./Free_RTOS/tasks.o
 .text          0x00000092        0x0 ./Free_RTOS/timers.o
 .text          0x00000092        0x0 ./main.o
 .text          0x00000092        0x0 d:/nti/tools/eclipse/sdk_win_64/sdk_win_64/winavr/bin/../lib/gcc/avr/4.3.3/avr5\libgcc.a(_exit.o)
 .text          0x00000092        0x0 d:/nti/tools/eclipse/sdk_win_64/sdk_win_64/winavr/bin/../lib/gcc/avr/4.3.3/avr5\libgcc.a(_copy_data.o)
 .text          0x00000092        0x0 d:/nti/tools/eclipse/sdk_win_64/sdk_win_64/winavr/bin/../lib/gcc/avr/4.3.3/avr5\libgcc.a(_clear_bss.o)
 .text          0x00000092        0x0 d:/nti/tools/eclipse/sdk_win_64/sdk_win_64/winavr/bin/../lib/gcc/avr/4.3.3/../../../../avr/lib/avr5\libc.a(memcpy.o)
 .text          0x00000092        0x0 d:/nti/tools/eclipse/sdk_win_64/sdk_win_64/winavr/bin/../lib/gcc/avr/4.3.3/../../../../avr/lib/avr5\libc.a(memset.o)
 .text          0x00000092        0x0 d:/nti/tools/eclipse/sdk_win_64/sdk_win_64/winavr/bin/../lib/gcc/avr/4.3.3/../../../../avr/lib/avr5\libc.a(strncpy.o)
 .text          0x00000092        0x0 d:/nti/tools/eclipse/sdk_win_64/sdk_win_64/winavr/bin/../lib/gcc/avr/4.3.3/../../../../avr/lib/avr5\libc.a(itoa.o)
 .text          0x00000092        0x0 d:/nti/tools/eclipse/sdk_win_64/sdk_win_64/winavr/bin/../lib/gcc/avr/4.3.3/../../../../avr/lib/avr5\libc.a(strrev.o)
 .text          0x00000092        0x0 d:/nti/tools/eclipse/sdk_win_64/sdk_win_64/winavr/bin/../lib/gcc/avr/4.3.3/avr5\libgcc.a(_udivmodhi4.o)
                0x00000092                . = ALIGN (0x2)
 *(.text.*)
 .text.RTOS_VoCreateTask
                0x00000092       0x56 ./RTOS_STACK/RTOS_Program.o
                0x00000092                RTOS_VoCreateTask
 .text.VidScheduler
                0x000000e8       0x62 ./RTOS_STACK/RTOS_Program.o
 .text.RTOS_VoTaskResume
                0x0000014a       0x18 ./RTOS_STACK/RTOS_Program.o
                0x0000014a                RTOS_VoTaskResume
 .text.RTOS_VoTaskSuspend
                0x00000162       0x16 ./RTOS_STACK/RTOS_Program.o
                0x00000162                RTOS_VoTaskSuspend
 .text.RTOS_VoTaskDelete
                0x00000178       0x18 ./RTOS_STACK/RTOS_Program.o
                0x00000178                RTOS_VoTaskDelete
 .text.RTOS_VoInit
                0x00000190       0x18 ./RTOS_STACK/RTOS_Program.o
                0x00000190                RTOS_VoInit
 .text.TIMER0_VidInit
                0x000001a8       0x2c ./MCAL/TIMER/TIMER_Program.o
                0x000001a8                TIMER0_VidInit
 .text.TIMER0_VidSetPreload
                0x000001d4        0x4 ./MCAL/TIMER/TIMER_Program.o
                0x000001d4                TIMER0_VidSetPreload
 .text.TIMER0_VidSetCTCValue
                0x000001d8        0x4 ./MCAL/TIMER/TIMER_Program.o
                0x000001d8                TIMER0_VidSetCTCValue
 .text.TIMER0_VidOVF_SetCallBack
                0x000001dc        0xa ./MCAL/TIMER/TIMER_Program.o
                0x000001dc                TIMER0_VidOVF_SetCallBack
 .text.TIMER0_VidCTC_SetCallBack
                0x000001e6        0xa ./MCAL/TIMER/TIMER_Program.o
                0x000001e6                TIMER0_VidCTC_SetCallBack
 .text.__vector_11
                0x000001f0       0x4e ./MCAL/TIMER/TIMER_Program.o
                0x000001f0                __vector_11
 .text.__vector_10
                0x0000023e       0x4e ./MCAL/TIMER/TIMER_Program.o
                0x0000023e                __vector_10
 .text.MGIE_VidEnable
                0x0000028c        0x8 ./MCAL/MGIE/MGIE_Program.o
                0x0000028c                MGIE_VidEnable
 .text.MGIE_VidDisable
                0x00000294        0x8 ./MCAL/MGIE/MGIE_Program.o
                0x00000294                MGIE_VidDisable
 .text.MDIO_Error_State_SetPinDirection
                0x0000029c      0x100 ./MCAL/MDIO/MDIO_Program.o
                0x0000029c                MDIO_Error_State_SetPinDirection
 .text.MDIO_Error_State_SetPortDirection
                0x0000039c       0x32 ./MCAL/MDIO/MDIO_Program.o
                0x0000039c                MDIO_Error_State_SetPortDirection
 .text.MDIO_Error_State_SetPinValue
                0x000003ce      0x100 ./MCAL/MDIO/MDIO_Program.o
                0x000003ce                MDIO_Error_State_SetPinValue
 .text.MDIO_Error_State_SetPortValue
                0x000004ce       0x28 ./MCAL/MDIO/MDIO_Program.o
                0x000004ce                MDIO_Error_State_SetPortValue
 .text.MDIO_Error_State_GetPinValue
                0x000004f6       0x46 ./MCAL/MDIO/MDIO_Program.o
                0x000004f6                MDIO_Error_State_GetPinValue
 .text.MDIO_Error_State_SetNippleValue
                0x0000053c       0x9a ./MCAL/MDIO/MDIO_Program.o
                0x0000053c                MDIO_Error_State_SetNippleValue
 .text.DIO_voidSetPortDirection
                0x000005d6       0x22 ./MCAL/DIO/DIO_Program.o
                0x000005d6                DIO_voidSetPortDirection
 .text.DIO_voidSetPortValue
                0x000005f8       0x22 ./MCAL/DIO/DIO_Program.o
                0x000005f8                DIO_voidSetPortValue
 .text.DIO_voidSetPinDirection
                0x0000061a       0xe6 ./MCAL/DIO/DIO_Program.o
                0x0000061a                DIO_voidSetPinDirection
 .text.DIO_voidSetPinValue
                0x00000700       0xe6 ./MCAL/DIO/DIO_Program.o
                0x00000700                DIO_voidSetPinValue
 .text.DIO_voidToggelPin
                0x000007e6       0x6a ./MCAL/DIO/DIO_Program.o
                0x000007e6                DIO_voidToggelPin
 .text.DIO_voidGetBitValue
                0x00000850       0x3e ./MCAL/DIO/DIO_Program.o
                0x00000850                DIO_voidGetBitValue
 .text.H_SevenSegDispaly_void_SvenSegDisplaySingleValue
                0x0000088e      0x11a ./HAL/SS/SSD_Programe.o
                0x0000088e                H_SevenSegDispaly_void_SvenSegDisplaySingleValue
 .text.SSD_voidInit
                0x000009a8        0xa ./HAL/SS/SSD_Programe.o
                0x000009a8                SSD_voidInit
 .text.LCD_voidGoToXY
                0x000009b2       0x16 ./HAL/LCD/LCD_program.o
                0x000009b2                LCD_voidGoToXY
 .text.writebittosend
                0x000009c8       0xee ./HAL/LCD/LCD_program.o
                0x000009c8                writebittosend
 .text.LCD_WRITE_DATA
                0x00000ab6       0x18 ./HAL/LCD/LCD_program.o
                0x00000ab6                LCD_WRITE_DATA
 .text.LCD_WRITE_STRING
                0x00000ace       0x18 ./HAL/LCD/LCD_program.o
                0x00000ace                LCD_WRITE_STRING
 .text.LCD_voidWriteInt
                0x00000ae6       0x44 ./HAL/LCD/LCD_program.o
                0x00000ae6                LCD_voidWriteInt
 .text.LCD_WRITE_COMMAND
                0x00000b2a       0x18 ./HAL/LCD/LCD_program.o
                0x00000b2a                LCD_WRITE_COMMAND
 .text.LCD_voidClear
                0x00000b42        0x8 ./HAL/LCD/LCD_program.o
                0x00000b42                LCD_voidClear
 .text.LCD_INIT
                0x00000b4a       0x7c ./HAL/LCD/LCD_program.o
                0x00000b4a                LCD_INIT
 .text.HLED_VidLed_Toggle
                0x00000bc6       0x3a ./HAL/HLED/HLED_Program.o
                0x00000bc6                HLED_VidLed_Toggle
 .text.HLED_VidLed_Off
                0x00000c00        0xe ./HAL/HLED/HLED_Program.o
                0x00000c00                HLED_VidLed_Off
 .text.HLED_VidLed_On
                0x00000c0e        0xe ./HAL/HLED/HLED_Program.o
                0x00000c0e                HLED_VidLed_On
 .text.HLED_VidInit
                0x00000c1c        0xe ./HAL/HLED/HLED_Program.o
                0x00000c1c                HLED_VidInit
 .text.xCoRoutineRemoveFromEventList
                0x00000c2a       0x4e ./Free_RTOS/croutine.o
                0x00000c2a                xCoRoutineRemoveFromEventList
 .text.vCoRoutineSchedule
                0x00000c78      0x1c0 ./Free_RTOS/croutine.o
                0x00000c78                vCoRoutineSchedule
 .text.vCoRoutineAddToDelayedList
                0x00000e38       0x7a ./Free_RTOS/croutine.o
                0x00000e38                vCoRoutineAddToDelayedList
 .text.xCoRoutineCreate
                0x00000eb2       0xf4 ./Free_RTOS/croutine.o
                0x00000eb2                xCoRoutineCreate
 .text.vPortFree
                0x00000fa6        0x2 ./Free_RTOS/heap_1.o
                0x00000fa6                vPortFree
 .text.vPortInitialiseBlocks
                0x00000fa8        0xa ./Free_RTOS/heap_1.o
                0x00000fa8                vPortInitialiseBlocks
 .text.xPortGetFreeHeapSize
                0x00000fb2       0x14 ./Free_RTOS/heap_1.o
                0x00000fb2                xPortGetFreeHeapSize
 .text.pvPortMalloc
                0x00000fc6       0x4e ./Free_RTOS/heap_1.o
                0x00000fc6                pvPortMalloc
 .text.vListInitialise
                0x00001014       0x20 ./Free_RTOS/list.o
                0x00001014                vListInitialise
 .text.vListInitialiseItem
                0x00001034        0x8 ./Free_RTOS/list.o
                0x00001034                vListInitialiseItem
 .text.vListInsertEnd
                0x0000103c       0x52 ./Free_RTOS/list.o
                0x0000103c                vListInsertEnd
 .text.vListInsert
                0x0000108e       0x6a ./Free_RTOS/list.o
                0x0000108e                vListInsert
 .text.vListRemove
                0x000010f8       0x50 ./Free_RTOS/list.o
                0x000010f8                vListRemove
 .text.pxPortInitialiseStack
                0x00001148       0x90 ./Free_RTOS/port.o
                0x00001148                pxPortInitialiseStack
 .text.xPortStartScheduler
                0x000011d8       0x6a ./Free_RTOS/port.o
                0x000011d8                xPortStartScheduler
 .text.vPortEndScheduler
                0x00001242        0x2 ./Free_RTOS/port.o
                0x00001242                vPortEndScheduler
 .text.vPortYieldFromTick
                0x00001244       0xb6 ./Free_RTOS/port.o
                0x00001244                vPortYieldFromTick
 .text.__vector_7
                0x000012fa        0x6 ./Free_RTOS/port.o
                0x000012fa                __vector_7
 .text.vPortYield
                0x00001300       0xb2 ./Free_RTOS/port.o
                0x00001300                vPortYield
 .text.uxQueueMessagesWaiting
                0x000013b2       0x10 ./Free_RTOS/queue.o
                0x000013b2                uxQueueMessagesWaiting
 .text.uxQueueMessagesWaitingFromISR
                0x000013c2        0x6 ./Free_RTOS/queue.o
                0x000013c2                uxQueueMessagesWaitingFromISR
 .text.xQueueIsQueueEmptyFromISR
                0x000013c8       0x10 ./Free_RTOS/queue.o
                0x000013c8                xQueueIsQueueEmptyFromISR
 .text.xQueueIsQueueFullFromISR
                0x000013d8       0x12 ./Free_RTOS/queue.o
                0x000013d8                xQueueIsQueueFullFromISR
 .text.vQueueDelete
                0x000013ea       0x1c ./Free_RTOS/queue.o
                0x000013ea                vQueueDelete
 .text.xQueueReceiveFromISR
                0x00001406       0x7e ./Free_RTOS/queue.o
                0x00001406                xQueueReceiveFromISR
 .text.prvCopyDataToQueue
                0x00001484       0x82 ./Free_RTOS/queue.o
 .text.xQueueGenericSendFromISR
                0x00001506       0x50 ./Free_RTOS/queue.o
                0x00001506                xQueueGenericSendFromISR
 .text.prvUnlockQueue
                0x00001556       0x80 ./Free_RTOS/queue.o
 .text.xQueueGenericReceive
                0x000015d6      0x198 ./Free_RTOS/queue.o
                0x000015d6                xQueueGenericReceive
 .text.xQueueGenericSend
                0x0000176e      0x148 ./Free_RTOS/queue.o
                0x0000176e                xQueueGenericSend
 .text.xQueueCreate
                0x000018b6       0xbe ./Free_RTOS/queue.o
                0x000018b6                xQueueCreate
 .text.xQueueCreateCountingSemaphore
                0x00001974       0x18 ./Free_RTOS/queue.o
                0x00001974                xQueueCreateCountingSemaphore
 .text.xTaskIsTaskSuspended
                0x0000198c       0x28 ./Free_RTOS/tasks.o
                0x0000198c                xTaskIsTaskSuspended
 .text.vTaskSuspendAll
                0x000019b4        0xc ./Free_RTOS/tasks.o
                0x000019b4                vTaskSuspendAll
 .text.xTaskGetTickCount
                0x000019c0       0x16 ./Free_RTOS/tasks.o
                0x000019c0                xTaskGetTickCount
 .text.xTaskGetTickCountFromISR
                0x000019d6        0xc ./Free_RTOS/tasks.o
                0x000019d6                xTaskGetTickCountFromISR
 .text.uxTaskGetNumberOfTasks
                0x000019e2        0x6 ./Free_RTOS/tasks.o
                0x000019e2                uxTaskGetNumberOfTasks
 .text.vTaskSwitchContext
                0x000019e8       0x84 ./Free_RTOS/tasks.o
                0x000019e8                vTaskSwitchContext
 .text.vTaskSetTimeOutState
                0x00001a6c       0x16 ./Free_RTOS/tasks.o
                0x00001a6c                vTaskSetTimeOutState
 .text.xTaskCheckForTimeOut
                0x00001a82       0x7c ./Free_RTOS/tasks.o
                0x00001a82                xTaskCheckForTimeOut
 .text.vTaskMissedYield
                0x00001afe        0x8 ./Free_RTOS/tasks.o
                0x00001afe                vTaskMissedYield
 .text.xTaskRemoveFromEventList
                0x00001b06       0x7e ./Free_RTOS/tasks.o
                0x00001b06                xTaskRemoveFromEventList
 .text.vTaskIncrementTick
                0x00001b84      0x148 ./Free_RTOS/tasks.o
                0x00001b84                vTaskIncrementTick
 .text.xTaskResumeFromISR
                0x00001ccc       0x9c ./Free_RTOS/tasks.o
                0x00001ccc                xTaskResumeFromISR
 .text.prvAddCurrentTaskToDelayedList
                0x00001d68       0x6e ./Free_RTOS/tasks.o
 .text.vTaskPlaceOnEventList
                0x00001dd6       0x58 ./Free_RTOS/tasks.o
                0x00001dd6                vTaskPlaceOnEventList
 .text.xTaskResumeAll
                0x00001e2e       0xf6 ./Free_RTOS/tasks.o
                0x00001e2e                xTaskResumeAll
 .text.vTaskResume
                0x00001f24       0x92 ./Free_RTOS/tasks.o
                0x00001f24                vTaskResume
 .text.vTaskSuspend
                0x00001fb6       0xa2 ./Free_RTOS/tasks.o
                0x00001fb6                vTaskSuspend
 .text.vTaskDelay
                0x00002058       0x4e ./Free_RTOS/tasks.o
                0x00002058                vTaskDelay
 .text.vTaskDelayUntil
                0x000020a6       0x78 ./Free_RTOS/tasks.o
                0x000020a6                vTaskDelayUntil
 .text.vTaskDelete
                0x0000211e       0x9a ./Free_RTOS/tasks.o
                0x0000211e                vTaskDelete
 .text.vTaskEndScheduler
                0x000021b8        0xc ./Free_RTOS/tasks.o
                0x000021b8                vTaskEndScheduler
 .text.prvIdleTask
                0x000021c4       0x66 ./Free_RTOS/tasks.o
 .text.xTaskGenericCreate
                0x0000222a      0x252 ./Free_RTOS/tasks.o
                0x0000222a                xTaskGenericCreate
 .text.vTaskStartScheduler
                0x0000247c       0x56 ./Free_RTOS/tasks.o
                0x0000247c                vTaskStartScheduler
 .text.main     0x000024d2       0x74 ./main.o
                0x000024d2                main
 .text.LED_1    0x00002546       0x12 ./main.o
                0x00002546                LED_1
 .text.str1     0x00002558       0x2e ./main.o
                0x00002558                str1
 .text.segment1fun
                0x00002586       0x26 ./main.o
                0x00002586                segment1fun
 .text.libgcc   0x000025ac        0x0 d:/nti/tools/eclipse/sdk_win_64/sdk_win_64/winavr/bin/../lib/gcc/avr/4.3.3/avr5\libgcc.a(_exit.o)
 .text.libgcc   0x000025ac        0x0 d:/nti/tools/eclipse/sdk_win_64/sdk_win_64/winavr/bin/../lib/gcc/avr/4.3.3/avr5\libgcc.a(_copy_data.o)
 .text.libgcc   0x000025ac        0x0 d:/nti/tools/eclipse/sdk_win_64/sdk_win_64/winavr/bin/../lib/gcc/avr/4.3.3/avr5\libgcc.a(_clear_bss.o)
 .text.avr-libc
                0x000025ac       0x12 d:/nti/tools/eclipse/sdk_win_64/sdk_win_64/winavr/bin/../lib/gcc/avr/4.3.3/../../../../avr/lib/avr5\libc.a(memcpy.o)
                0x000025ac                memcpy
 .text.avr-libc
                0x000025be        0xe d:/nti/tools/eclipse/sdk_win_64/sdk_win_64/winavr/bin/../lib/gcc/avr/4.3.3/../../../../avr/lib/avr5\libc.a(memset.o)
                0x000025be                memset
 .text.avr-libc
                0x000025cc       0x1e d:/nti/tools/eclipse/sdk_win_64/sdk_win_64/winavr/bin/../lib/gcc/avr/4.3.3/../../../../avr/lib/avr5\libc.a(strncpy.o)
                0x000025cc                strncpy
 .text.avr-libc
                0x000025ea       0x42 d:/nti/tools/eclipse/sdk_win_64/sdk_win_64/winavr/bin/../lib/gcc/avr/4.3.3/../../../../avr/lib/avr5\libc.a(itoa.o)
                0x000025ea                itoa
 .text.avr-libc
                0x0000262c       0x20 d:/nti/tools/eclipse/sdk_win_64/sdk_win_64/winavr/bin/../lib/gcc/avr/4.3.3/../../../../avr/lib/avr5\libc.a(strrev.o)
                0x0000262c                strrev
 .text.libgcc   0x0000264c       0x28 d:/nti/tools/eclipse/sdk_win_64/sdk_win_64/winavr/bin/../lib/gcc/avr/4.3.3/avr5\libgcc.a(_udivmodhi4.o)
                0x0000264c                __udivmodhi4
                0x00002674                . = ALIGN (0x2)
 *(.fini9)
 .fini9         0x00002674        0x0 d:/nti/tools/eclipse/sdk_win_64/sdk_win_64/winavr/bin/../lib/gcc/avr/4.3.3/avr5\libgcc.a(_exit.o)
                0x00002674                exit
                0x00002674                _exit
 *(.fini9)
 *(.fini8)
 *(.fini8)
 *(.fini7)
 *(.fini7)
 *(.fini6)
 *(.fini6)
 *(.fini5)
 *(.fini5)
 *(.fini4)
 *(.fini4)
 *(.fini3)
 *(.fini3)
 *(.fini2)
 *(.fini2)
 *(.fini1)
 *(.fini1)
 *(.fini0)
 .fini0         0x00002674        0x4 d:/nti/tools/eclipse/sdk_win_64/sdk_win_64/winavr/bin/../lib/gcc/avr/4.3.3/avr5\libgcc.a(_exit.o)
 *(.fini0)
                0x00002678                _etext = .

.data           0x00800060       0x46 load address 0x00002678
                0x00800060                PROVIDE (__data_start, .)
 *(.data)
 .data          0x00800060        0x0 d:/nti/tools/eclipse/sdk_win_64/sdk_win_64/winavr/bin/../lib/gcc/avr/4.3.3/../../../../avr/lib/avr5/crtm32.o
 .data          0x00800060        0x0 ./RTOS_STACK/RTOS_Program.o
 .data          0x00800060        0x0 ./MCAL/TIMER/TIMER_Program.o
 .data          0x00800060        0x0 ./MCAL/MGIE/MGIE_Program.o
 .data          0x00800060        0x0 ./MCAL/MDIO/MDIO_Program.o
 .data          0x00800060        0x0 ./MCAL/DIO/DIO_Program.o
 .data          0x00800060        0x0 ./HAL/SS/SSD_Programe.o
 .data          0x00800060        0x0 ./HAL/LCD/LCD_program.o
 .data          0x00800060        0x0 ./HAL/HLED/HLED_Program.o
 .data          0x00800060        0x0 ./Free_RTOS/croutine.o
 .data          0x00800060        0x0 ./Free_RTOS/heap_1.o
 .data          0x00800060        0x0 ./Free_RTOS/list.o
 .data          0x00800060        0x0 ./Free_RTOS/port.o
 .data          0x00800060        0x0 ./Free_RTOS/queue.o
 .data          0x00800060        0x5 ./Free_RTOS/tasks.o
 .data          0x00800065        0x0 ./Free_RTOS/timers.o
 .data          0x00800065       0x17 ./main.o
 .data          0x0080007c        0x0 d:/nti/tools/eclipse/sdk_win_64/sdk_win_64/winavr/bin/../lib/gcc/avr/4.3.3/avr5\libgcc.a(_exit.o)
 .data          0x0080007c        0x0 d:/nti/tools/eclipse/sdk_win_64/sdk_win_64/winavr/bin/../lib/gcc/avr/4.3.3/avr5\libgcc.a(_copy_data.o)
 .data          0x0080007c        0x0 d:/nti/tools/eclipse/sdk_win_64/sdk_win_64/winavr/bin/../lib/gcc/avr/4.3.3/avr5\libgcc.a(_clear_bss.o)
 .data          0x0080007c        0x0 d:/nti/tools/eclipse/sdk_win_64/sdk_win_64/winavr/bin/../lib/gcc/avr/4.3.3/../../../../avr/lib/avr5\libc.a(memcpy.o)
 .data          0x0080007c        0x0 d:/nti/tools/eclipse/sdk_win_64/sdk_win_64/winavr/bin/../lib/gcc/avr/4.3.3/../../../../avr/lib/avr5\libc.a(memset.o)
 .data          0x0080007c        0x0 d:/nti/tools/eclipse/sdk_win_64/sdk_win_64/winavr/bin/../lib/gcc/avr/4.3.3/../../../../avr/lib/avr5\libc.a(strncpy.o)
 .data          0x0080007c        0x0 d:/nti/tools/eclipse/sdk_win_64/sdk_win_64/winavr/bin/../lib/gcc/avr/4.3.3/../../../../avr/lib/avr5\libc.a(itoa.o)
 .data          0x0080007c        0x0 d:/nti/tools/eclipse/sdk_win_64/sdk_win_64/winavr/bin/../lib/gcc/avr/4.3.3/../../../../avr/lib/avr5\libc.a(strrev.o)
 .data          0x0080007c        0x0 d:/nti/tools/eclipse/sdk_win_64/sdk_win_64/winavr/bin/../lib/gcc/avr/4.3.3/avr5\libgcc.a(_udivmodhi4.o)
 *(.data*)
 .data.xNextTaskUnblockTime
                0x0080007c        0x2 ./Free_RTOS/tasks.o
 .data.arr1     0x0080007e       0x14 ./main.o
                0x0080007e                arr1
 .data.arr2     0x00800092       0x14 ./main.o
                0x00800092                arr2
 *(.rodata)
 *(.rodata*)
 *(.gnu.linkonce.d*)
                0x008000a6                . = ALIGN (0x2)
                0x008000a6                _edata = .
                0x008000a6                PROVIDE (__data_end, .)

.bss            0x008000a6      0x4ab
                0x008000a6                PROVIDE (__bss_start, .)
 *(.bss)
 .bss           0x008000a6        0x0 d:/nti/tools/eclipse/sdk_win_64/sdk_win_64/winavr/bin/../lib/gcc/avr/4.3.3/../../../../avr/lib/avr5/crtm32.o
 .bss           0x008000a6        0x0 ./RTOS_STACK/RTOS_Program.o
 .bss           0x008000a6        0x0 ./MCAL/TIMER/TIMER_Program.o
 .bss           0x008000a6        0x0 ./MCAL/MGIE/MGIE_Program.o
 .bss           0x008000a6        0x0 ./MCAL/MDIO/MDIO_Program.o
 .bss           0x008000a6        0x0 ./MCAL/DIO/DIO_Program.o
 .bss           0x008000a6        0x0 ./HAL/SS/SSD_Programe.o
 .bss           0x008000a6        0x0 ./HAL/LCD/LCD_program.o
 .bss           0x008000a6        0x0 ./HAL/HLED/HLED_Program.o
 .bss           0x008000a6        0x0 ./Free_RTOS/croutine.o
 .bss           0x008000a6        0x0 ./Free_RTOS/heap_1.o
 .bss           0x008000a6        0x0 ./Free_RTOS/list.o
 .bss           0x008000a6        0x0 ./Free_RTOS/port.o
 .bss           0x008000a6        0x0 ./Free_RTOS/queue.o
 .bss           0x008000a6        0x0 ./Free_RTOS/tasks.o
 .bss           0x008000a6        0x0 ./Free_RTOS/timers.o
 .bss           0x008000a6        0x0 ./main.o
 .bss           0x008000a6        0x0 d:/nti/tools/eclipse/sdk_win_64/sdk_win_64/winavr/bin/../lib/gcc/avr/4.3.3/avr5\libgcc.a(_exit.o)
 .bss           0x008000a6        0x0 d:/nti/tools/eclipse/sdk_win_64/sdk_win_64/winavr/bin/../lib/gcc/avr/4.3.3/avr5\libgcc.a(_copy_data.o)
 .bss           0x008000a6        0x0 d:/nti/tools/eclipse/sdk_win_64/sdk_win_64/winavr/bin/../lib/gcc/avr/4.3.3/avr5\libgcc.a(_clear_bss.o)
 .bss           0x008000a6        0x0 d:/nti/tools/eclipse/sdk_win_64/sdk_win_64/winavr/bin/../lib/gcc/avr/4.3.3/../../../../avr/lib/avr5\libc.a(memcpy.o)
 .bss           0x008000a6        0x0 d:/nti/tools/eclipse/sdk_win_64/sdk_win_64/winavr/bin/../lib/gcc/avr/4.3.3/../../../../avr/lib/avr5\libc.a(memset.o)
 .bss           0x008000a6        0x0 d:/nti/tools/eclipse/sdk_win_64/sdk_win_64/winavr/bin/../lib/gcc/avr/4.3.3/../../../../avr/lib/avr5\libc.a(strncpy.o)
 .bss           0x008000a6        0x0 d:/nti/tools/eclipse/sdk_win_64/sdk_win_64/winavr/bin/../lib/gcc/avr/4.3.3/../../../../avr/lib/avr5\libc.a(itoa.o)
 .bss           0x008000a6        0x0 d:/nti/tools/eclipse/sdk_win_64/sdk_win_64/winavr/bin/../lib/gcc/avr/4.3.3/../../../../avr/lib/avr5\libc.a(strrev.o)
 .bss           0x008000a6        0x0 d:/nti/tools/eclipse/sdk_win_64/sdk_win_64/winavr/bin/../lib/gcc/avr/4.3.3/avr5\libgcc.a(_udivmodhi4.o)
 *(.bss*)
 .bss.SysTasks  0x008000a6       0x18 ./RTOS_STACK/RTOS_Program.o
                0x008000a6                SysTasks
 .bss.local_count_systick_count.1281
                0x008000be        0x4 ./RTOS_STACK/RTOS_Program.o
 .bss.local_address.1331
                0x008000c2        0x1 ./HAL/LCD/LCD_program.o
 .bss.Flag.1254
                0x008000c3        0x1 ./HAL/HLED/HLED_Program.o
 .bss.pxCurrentCoRoutine
                0x008000c4        0x2 ./Free_RTOS/croutine.o
                0x008000c4                pxCurrentCoRoutine
 .bss.uxTopCoRoutineReadyPriority
                0x008000c6        0x1 ./Free_RTOS/croutine.o
 .bss.xLastTickCount
                0x008000c7        0x2 ./Free_RTOS/croutine.o
 .bss.xPassedTicks
                0x008000c9        0x2 ./Free_RTOS/croutine.o
 .bss.xCoRoutineTickCount
                0x008000cb        0x2 ./Free_RTOS/croutine.o
 .bss.pxReadyCoRoutineLists
                0x008000cd       0x12 ./Free_RTOS/croutine.o
 .bss.xDelayedCoRoutineList1
                0x008000df        0x9 ./Free_RTOS/croutine.o
 .bss.xDelayedCoRoutineList2
                0x008000e8        0x9 ./Free_RTOS/croutine.o
 .bss.pxDelayedCoRoutineList
                0x008000f1        0x2 ./Free_RTOS/croutine.o
 .bss.pxOverflowDelayedCoRoutineList
                0x008000f3        0x2 ./Free_RTOS/croutine.o
 .bss.xPendingReadyCoRoutineList
                0x008000f5        0x9 ./Free_RTOS/croutine.o
 .bss.xNextFreeByte
                0x008000fe        0x2 ./Free_RTOS/heap_1.o
 .bss.xHeap     0x00800100      0x3e8 ./Free_RTOS/heap_1.o
 .bss.pxCurrentTCB
                0x008004e8        0x2 ./Free_RTOS/tasks.o
                0x008004e8                pxCurrentTCB
 .bss.xMissedYield
                0x008004ea        0x1 ./Free_RTOS/tasks.o
 .bss.xNumOfOverflows
                0x008004eb        0x1 ./Free_RTOS/tasks.o
 .bss.xTickCount
                0x008004ec        0x2 ./Free_RTOS/tasks.o
 .bss.uxSchedulerSuspended
                0x008004ee        0x1 ./Free_RTOS/tasks.o
 .bss.uxTopReadyPriority
                0x008004ef        0x1 ./Free_RTOS/tasks.o
 .bss.uxMissedTicks
                0x008004f0        0x1 ./Free_RTOS/tasks.o
 .bss.uxCurrentNumberOfTasks
                0x008004f1        0x1 ./Free_RTOS/tasks.o
 .bss.xSchedulerRunning
                0x008004f2        0x1 ./Free_RTOS/tasks.o
 .bss.uxTasksDeleted
                0x008004f3        0x1 ./Free_RTOS/tasks.o
 .bss.uxTaskNumber
                0x008004f4        0x1 ./Free_RTOS/tasks.o
 .bss.uxTopUsedPriority
                0x008004f5        0x1 ./Free_RTOS/tasks.o
 .bss.pxReadyTasksLists
                0x008004f6       0x24 ./Free_RTOS/tasks.o
 .bss.xDelayedTaskList1
                0x0080051a        0x9 ./Free_RTOS/tasks.o
 .bss.xDelayedTaskList2
                0x00800523        0x9 ./Free_RTOS/tasks.o
 .bss.pxDelayedTaskList
                0x0080052c        0x2 ./Free_RTOS/tasks.o
 .bss.pxOverflowDelayedTaskList
                0x0080052e        0x2 ./Free_RTOS/tasks.o
 .bss.xPendingReadyList
                0x00800530        0x9 ./Free_RTOS/tasks.o
 .bss.xTasksWaitingTermination
                0x00800539        0x9 ./Free_RTOS/tasks.o
 .bss.xSuspendedTaskList
                0x00800542        0x9 ./Free_RTOS/tasks.o
 .bss.count.1568
                0x0080054b        0x1 ./main.o
 .bss.counter.1561
                0x0080054c        0x1 ./main.o
 *(COMMON)
 COMMON         0x0080054d        0x2 ./MCAL/TIMER/TIMER_Program.o
                0x0080054d                TIMER0_CallBack
 COMMON         0x0080054f        0x2 ./main.o
                0x0080054f                LCDSem
                0x00800551                PROVIDE (__bss_end, .)
                0x00002678                __data_load_start = LOADADDR (.data)
                0x000026be                __data_load_end = (__data_load_start + SIZEOF (.data))

.noinit         0x00800551        0x0
                0x00800551                PROVIDE (__noinit_start, .)
 *(.noinit*)
                0x00800551                PROVIDE (__noinit_end, .)
                0x00800551                _end = .
                0x00800551                PROVIDE (__heap_start, .)

.eeprom         0x00810000        0x0
 *(.eeprom*)
                0x00810000                __eeprom_end = .

.fuse
 *(.fuse)
 *(.lfuse)
 *(.hfuse)
 *(.efuse)

.lock
 *(.lock*)

.signature
 *(.signature*)

.stab
 *(.stab)

.stabstr
 *(.stabstr)

.stab.excl
 *(.stab.excl)

.stab.exclstr
 *(.stab.exclstr)

.stab.index
 *(.stab.index)

.stab.indexstr
 *(.stab.indexstr)

.comment
 *(.comment)

.debug
 *(.debug)

.line
 *(.line)

.debug_srcinfo
 *(.debug_srcinfo)

.debug_sfnames
 *(.debug_sfnames)

.debug_aranges
 *(.debug_aranges)

.debug_pubnames
 *(.debug_pubnames)

.debug_info
 *(.debug_info)
 *(.gnu.linkonce.wi.*)

.debug_abbrev
 *(.debug_abbrev)

.debug_line
 *(.debug_line)

.debug_frame
 *(.debug_frame)

.debug_str
 *(.debug_str)

.debug_loc
 *(.debug_loc)

.debug_macinfo
 *(.debug_macinfo)
OUTPUT(DEC_NTI_OWN_RTOS.elf elf32-avr)
LOAD linker stubs
